=== iteration 1 start 2026-09-14T12:38:27-06:00 deselected=0 ===
============================= test session starts =============================
platform win32 -- Python 3.10.11, pytest-9.0.2, pluggy-1.6.0 -- I:\MyVoiceV2\python310\python.exe
cachedir: .pytest_cache
PyQt6 6.9.1 -- Qt runtime 6.9.2 -- Qt compiled 6.9.0
rootdir: I:\MyVoiceV2
configfile: pytest.ini
plugins: anyio-4.12.1, asyncio-1.3.0, cov-7.1.0, qt-4.5.0, timeout-2.4.0
asyncio: mode=strict, debug=False, asyncio_default_fixture_loop_scope=None, asyncio_default_test_loop_scope=function
timeout: 60.0s
timeout method: thread
timeout func_only: False
collecting ... collected 2970 items

tests/integration/test_clear_comms_d5_invariant.py::test_d5_invariant_holds_across_three_clear_comms_clicks[last_generation] PASSED [  0%]
tests/integration/test_clear_comms_d5_invariant.py::test_d5_invariant_holds_across_three_clear_comms_clicks[file] PASSED [  0%]
tests/integration/test_clear_comms_d5_invariant.py::test_d5_invariant_via_real_clear_comms_button_click PASSED [  0%]
tests/integration/test_clear_comms_dispatch.py::TestClearCommsLastGenerationDispatch::test_dispatches_saveable_audio_in_interrupt_mode PASSED [  0%]
tests/integration/test_clear_comms_dispatch.py::TestClearCommsLastGenerationDispatch::test_interrupt_mode_calls_stop_all_playback PASSED [  0%]
tests/integration/test_clear_comms_dispatch.py::TestClearCommsLastGenerationDispatch::test_queue_mode_skips_interrupt_helper PASSED [  0%]
tests/integration/test_clear_comms_dispatch.py::TestClearCommsLastGenerationDispatch::test_interrupt_mode_clear_comms_claims_freed_slot_not_pending PASSED [  0%]
tests/integration/test_clear_comms_dispatch.py::TestClearCommsLastGenerationDispatch::test_queue_mode_parks_behind_occupied_head PASSED [  0%]
tests/integration/test_clear_comms_dispatch.py::TestClearCommsFileSource::test_dispatches_loaded_file_audio PASSED [  0%]
tests/integration/test_clear_comms_dispatch.py::TestClearCommsFileSource::test_missing_file_surfaces_toast_and_does_not_dispatch PASSED [  0%]
tests/integration/test_clear_comms_dispatch.py::TestClearCommsFileSource::test_unconfigured_file_path_surfaces_toast PASSED [  0%]
tests/integration/test_clear_comms_dispatch.py::TestClearCommsFileSource::test_no_saveable_for_last_generation_surfaces_toast PASSED [  0%]
tests/integration/test_clear_comms_dispatch.py::TestClearCommsTestPlaybackShim::test_test_playback_uses_panel_file_path_not_persisted PASSED [  0%]
tests/integration/test_clear_comms_dispatch.py::TestClearCommsTestPlaybackShim::test_test_playback_never_calls_stop_all_playback PASSED [  0%]
tests/integration/test_clear_comms_dispatch.py::TestClearCommsTestPlaybackShim::test_test_playback_resolve_error_surfaces_toast PASSED [  0%]
tests/integration/test_clear_comms_dispatch.py::TestClearCommsDoesNotAdvanceSaveable::test_saveable_session_id_unchanged_after_clear_comms_interrupt PASSED [  0%]
tests/integration/test_clear_comms_dispatch.py::TestClearCommsDoesNotAdvanceSaveable::test_saveable_session_id_unchanged_after_clear_comms_queue PASSED [  0%]
tests/integration/test_clear_comms_dispatch.py::TestClearCommsDoesNotCancelGeneration::test_interrupt_helper_does_not_call_tts_cancel PASSED [  0%]
tests/integration/test_clear_comms_dispatch.py::TestClearCommsDoesNotCancelGeneration::test_interrupt_helper_safe_when_idle PASSED [  0%]
tests/integration/test_clear_comms_dispatch.py::TestResolveClearCommsWavBytes::test_no_settings_at_all_resolves_via_slot_short_circuit PASSED [  0%]
tests/integration/test_clear_comms_dispatch.py::TestResolveClearCommsWavBytes::test_unknown_source_kind_raises_resolve_error PASSED [  0%]
tests/integration/test_emotion_tts_integration.py::TestQwenTTSRequestInstruct::test_qwen_tts_request_accepts_instruct PASSED [  0%]
tests/integration/test_emotion_tts_integration.py::TestQwenTTSRequestInstruct::test_qwen_tts_request_instruct_defaults_to_none PASSED [  0%]
tests/integration/test_emotion_tts_integration.py::TestQwenTTSRequestInstruct::test_qwen_tts_request_with_all_emotion_instructs PASSED [  0%]
tests/integration/test_emotion_tts_integration.py::TestEmotionPresetInstruct::test_emotion_preset_instruct_values PASSED [  0%]
tests/integration/test_emotion_tts_integration.py::TestEmotionPresetInstruct::test_emotion_preset_instructs_match_qwen_service FAILED [  0%]
tests/integration/test_emotion_tts_integration.py::TestEmotionButtonGroupInstruct::test_get_current_instruct_neutral PASSED [  0%]
tests/integration/test_emotion_tts_integration.py::TestEmotionButtonGroupInstruct::test_get_current_instruct_happy PASSED [  0%]
tests/integration/test_emotion_tts_integration.py::TestEmotionButtonGroupInstruct::test_get_current_instruct_all_emotions PASSED [  0%]
tests/integration/test_emotion_tts_integration.py::TestMainWindowEmotionInstruct::test_main_window_get_emotion_instruct PASSED [  1%]
tests/integration/test_emotion_tts_integration.py::TestMainWindowEmotionInstruct::test_main_window_get_emotion_instruct_after_change PASSED [  1%]
tests/integration/test_emotion_tts_integration.py::TestVoiceCloneEmotionDisabled::test_emotion_disabled_for_cloned_voice PASSED [  1%]
tests/integration/test_emotion_tts_integration.py::TestVoiceCloneEmotionDisabled::test_emotion_instruct_still_returns_when_disabled PASSED [  1%]
tests/integration/test_emotion_tts_integration.py::TestQwenTTSServiceEmotionIntegration::test_qwen_service_emotion_presets_defined PASSED [  1%]
tests/integration/test_emotion_tts_integration.py::TestQwenTTSServiceEmotionIntegration::test_qwen_service_neutral_has_no_instruct PASSED [  1%]
tests/integration/test_emotion_tts_integration.py::TestQwenTTSServiceEmotionIntegration::test_qwen_service_emotions_have_instructs FAILED [  1%]
tests/integration/test_emotion_variants_workflow.py::TestEmotionVariantsVoiceCreation::test_create_voice_all_emotions PASSED [  1%]
tests/integration/test_emotion_variants_workflow.py::TestEmotionVariantsVoiceCreation::test_create_voice_partial_emotions PASSED [  1%]
tests/integration/test_emotion_variants_workflow.py::TestEmotionVariantsVoiceCreation::test_create_voice_neutral_only PASSED [  1%]
tests/integration/test_emotion_variants_workflow.py::TestBackwardCompatibility::test_legacy_single_embedding PASSED [  1%]
tests/integration/test_emotion_variants_workflow.py::TestBackwardCompatibility::test_legacy_metadata_no_emotions_field PASSED [  1%]
tests/integration/test_emotion_variants_workflow.py::TestBackwardCompatibility::test_create_profile_from_legacy_voice PASSED [  1%]
tests/integration/test_emotion_variants_workflow.py::TestEmotionVariantsProfileCreation::test_profile_with_all_emotions PASSED [  1%]
tests/integration/test_emotion_variants_workflow.py::TestEmotionVariantsProfileCreation::test_profile_with_partial_emotions PASSED [  1%]
tests/integration/test_emotion_variants_workflow.py::TestEmotionPathResolution::test_get_emotion_embedding_path_v2 PASSED [  1%]
tests/integration/test_emotion_variants_workflow.py::TestEmotionPathResolution::test_get_emotion_embedding_path_fallback PASSED [  1%]
tests/integration/test_emotion_variants_workflow.py::TestVoiceProfileServiceScanning::test_scan_detects_multi_emotion_voice PASSED [  1%]
tests/integration/test_emotion_variants_workflow.py::TestVoiceProfileServiceScanning::test_scan_detects_legacy_voice PASSED [  1%]
tests/integration/test_emotion_variants_workflow.py::TestMetadataVersioning::test_v2_metadata_full PASSED [  1%]
tests/integration/test_emotion_variants_workflow.py::TestMetadataVersioning::test_generate_v2_metadata FAILED [  1%]
tests/integration/test_emotion_variants_workflow.py::TestEmotionVariantsEdgeCases::test_empty_voice_directory PASSED [  1%]
tests/integration/test_emotion_variants_workflow.py::TestEmotionVariantsEdgeCases::test_corrupted_metadata PASSED [  1%]
tests/integration/test_emotion_variants_workflow.py::TestEmotionVariantsEdgeCases::test_mixed_valid_invalid_emotions PASSED [  1%]
tests/integration/test_emotion_variants_workflow.py::TestEmotionVariantsEdgeCases::test_duplicate_emotions_in_list PASSED [  1%]
tests/integration/test_optimized_voice_flow.py::TestOptimizedVoiceCreationFlow::test_create_and_register_optimized_voice PASSED [  1%]
tests/integration/test_optimized_voice_flow.py::TestOptimizedVoiceCreationFlow::test_optimized_voice_persists_in_cache PASSED [  1%]
tests/integration/test_optimized_voice_flow.py::TestOptimizedVoiceSelectionFlow::test_set_optimized_voice_active PASSED [  1%]
tests/integration/test_optimized_voice_flow.py::TestOptimizedVoiceSelectionFlow::test_active_optimized_voice_has_all_fields PASSED [  1%]
tests/integration/test_optimized_voice_flow.py::TestOptimizedVoiceTTSRouting::test_voice_type_routing_distinction PASSED [  1%]
tests/integration/test_optimized_voice_flow.py::TestOptimizedVoiceTTSRouting::test_tts_service_receives_checkpoint_path PASSED [  2%]
tests/integration/test_optimized_voice_flow.py::TestOptimizedVoiceEmotionSupport::test_optimized_voice_emotion_capable PASSED [  2%]
tests/integration/test_optimized_voice_flow.py::TestOptimizedVoiceEmotionSupport::test_emotion_preset_applied_to_optimized_voice PASSED [  2%]
tests/integration/test_optimized_voice_flow.py::TestOptimizedVoiceModelLoading::test_checkpoint_path_passed_to_model_registry PASSED [  2%]
tests/integration/test_optimized_voice_flow.py::TestOptimizedVoiceModelLoading::test_different_checkpoint_triggers_model_reload PASSED [  2%]
tests/integration/test_optimized_voice_flow.py::TestOptimizedVoiceValidProfiles::test_optimized_voice_in_valid_profiles PASSED [  2%]
tests/integration/test_playback_last_preservation.py::TestReplayDualStreamFanOut::test_replay_dispatches_to_both_monitor_and_virtual_devices PASSED [  2%]
tests/integration/test_playback_last_preservation.py::TestReplayDualStreamFanOut::test_replay_main_window_path_via_signal_emission PASSED [  2%]
tests/integration/test_playback_last_preservation.py::TestReplayDualStreamFanOut::test_replay_uses_current_app_settings_device_ids PASSED [  2%]
tests/integration/test_playback_last_preservation.py::TestReplayDualStreamFanOut::test_advanced_replay_tokens_dedup_short_circuits_dual_fire PASSED [  2%]
tests/integration/test_playback_last_preservation.py::TestReplayDualStreamFanOut::test_voice_design_replay_is_out_of_scope PASSED [  2%]
tests/integration/test_playback_last_preservation.py::TestReplayCacheReadNoRegen::test_replay_does_not_write_to_cache PASSED [  2%]
tests/integration/test_playback_last_preservation.py::TestReplayCacheReadNoRegen::test_replay_does_not_invoke_tts_generate PASSED [  2%]
tests/integration/test_playback_last_preservation.py::TestReplayCacheReadNoRegen::test_replay_audio_is_byte_for_byte_cache_content PASSED [  2%]
tests/integration/test_playback_last_preservation.py::TestReplayQueueInteraction::test_replay_enqueues_behind_in_progress_generation PASSED [  2%]
tests/integration/test_playback_last_preservation.py::TestReplayQueueInteraction::test_three_rapid_replays_mint_distinct_tokens PASSED [  2%]
tests/integration/test_playback_last_preservation.py::TestReplayQueueInteraction::test_cancel_then_immediate_replay_dispatches_cleanly PASSED [  2%]
tests/integration/test_playback_last_preservation.py::TestReplayQueueInteraction::test_deferred_replay_does_not_flip_status_text PASSED [  2%]
tests/integration/test_playback_last_preservation.py::TestReplayDepthSignalForwarding::test_replay_depth_changes_forward_to_registry_signal PASSED [  2%]
tests/integration/test_progressive_playback_dispatch_skip.py::TestProgressiveDispatchSkip::test_progressive_active_skips_play_dual_stream PASSED [  2%]
tests/integration/test_progressive_playback_dispatch_skip.py::TestProgressiveDispatchSkip::test_progressive_inactive_runs_existing_dispatch PASSED [  2%]
tests/integration/test_progressive_playback_dispatch_skip.py::TestProgressiveDispatchSkip::test_progressive_skip_does_not_block_subsequent_dispatch PASSED [  2%]
tests/integration/test_quick_speak_voice_emotion.py::TestVoiceTypeSupportsEmotion::test_bundled_supports_emotion PASSED [  2%]
tests/integration/test_quick_speak_voice_emotion.py::TestVoiceTypeSupportsEmotion::test_designed_supports_emotion PASSED [  2%]
tests/integration/test_quick_speak_voice_emotion.py::TestVoiceTypeSupportsEmotion::test_cloned_does_not_support_emotion PASSED [  2%]
tests/integration/test_quick_speak_voice_emotion.py::TestVoiceProfileEmotionCapability::test_bundled_profile_supports_emotion PASSED [  2%]
tests/integration/test_quick_speak_voice_emotion.py::TestVoiceProfileEmotionCapability::test_designed_profile_supports_emotion PASSED [  2%]
tests/integration/test_quick_speak_voice_emotion.py::TestVoiceProfileEmotionCapability::test_cloned_profile_no_emotion PASSED [  2%]
tests/integration/test_quick_speak_voice_emotion.py::TestEmotionButtonEnableDisable::test_emotion_enabled_for_bundled_voice PASSED [  2%]
tests/integration/test_quick_speak_voice_emotion.py::TestEmotionButtonEnableDisable::test_emotion_disabled_for_cloned_voice PASSED [  2%]
tests/integration/test_quick_speak_voice_emotion.py::TestQuickSpeakEmotionIntegration::test_quick_speak_uses_current_emotion PASSED [  3%]
tests/integration/test_quick_speak_voice_emotion.py::TestQuickSpeakEmotionIntegration::test_quick_speak_uses_neutral_when_not_set PASSED [  3%]
tests/integration/test_quick_speak_voice_emotion.py::TestTTSRequestEmotionHandling::test_tts_request_includes_emotion_for_bundled PASSED [  3%]
tests/integration/test_quick_speak_voice_emotion.py::TestTTSRequestEmotionHandling::test_tts_request_no_emotion_for_cloned PASSED [  3%]
tests/integration/test_quick_speak_voice_emotion.py::TestQuickSpeakMenuVoiceIntegration::test_menu_phrase_selection_triggers_generation PASSED [  3%]
tests/integration/test_quick_speak_voice_emotion.py::TestErrorHandlingParity::test_quick_speak_handles_missing_voice PASSED [  3%]
tests/integration/test_qwen_tts_metrics_migration.py::TestMigrationEquivalence::test_running_average_matches_reference PASSED [  3%]
tests/integration/test_qwen_tts_metrics_migration.py::TestMigrationEquivalence::test_metric_stream_emits_one_record_per_input PASSED [  3%]
tests/integration/test_qwen_tts_metrics_migration.py::TestMigrationEquivalence::test_aggregator_ignores_unrelated_metric_names PASSED [  3%]
tests/integration/test_qwen_tts_metrics_migration.py::TestMigrationEquivalence::test_aggregator_unsubscribe_drops_registration PASSED [  3%]
tests/integration/test_qwen_tts_metrics_migration.py::TestProductionAggregatorPathAvailable::test_production_aggregator_class_imported PASSED [  3%]
tests/integration/test_save_during_streaming.py::TestSaveFinalizedSession::test_save_finalized_session_writes_correct_wav PASSED [  3%]
tests/integration/test_save_during_streaming.py::TestSaveDuringStreaming::test_save_during_streaming_waits_for_finalize PASSED [  3%]
tests/integration/test_save_during_streaming.py::TestSaveDuringStreamingAbort::test_save_during_streaming_aborts_on_cancel PASSED [  3%]
tests/integration/test_session_lifecycle.py::TestStreamingHappyPath::test_streaming_three_chunks_lifecycle PASSED [  3%]
tests/integration/test_session_lifecycle.py::TestBatchHappyPath::test_batch_lifecycle PASSED [  3%]
tests/integration/test_session_lifecycle.py::TestCancellationChain::test_cancel_emits_cancelled_then_discarded PASSED [  3%]
tests/integration/test_session_lifecycle.py::TestCancellationChain::test_batch_cancel_propagates_through_task_cancel PASSED [  3%]
tests/integration/test_session_lifecycle.py::TestErrorChain::test_streaming_generation_exception_emits_error_then_discarded PASSED [  3%]
tests/integration/test_session_lifecycle.py::TestErrorChain::test_batch_generation_exception_emits_error_then_discarded PASSED [  3%]
tests/integration/test_session_lifecycle.py::TestErrorChain::test_streaming_model_load_failure_emits_error_then_discarded PASSED [  3%]
tests/integration/test_session_lifecycle.py::TestErrorChain::test_batch_model_load_failure_emits_error_then_discarded PASSED [  3%]
tests/integration/test_session_lifecycle.py::TestErrorChain::test_streaming_to_batch_fallback_creates_two_sessions PASSED [  3%]
tests/integration/test_session_lifecycle.py::TestErrorChain::test_batch_fallback_failure_both_sessions_end_error PASSED [  3%]
tests/integration/test_session_lifecycle.py::TestMemoryHygiene::test_all_chunks_cleared_before_save PASSED [  3%]
tests/integration/test_session_lifecycle.py::TestCallbackWireCompat::test_streaming_callbacks_fire_in_legacy_order PASSED [  3%]
tests/integration/test_session_lifecycle.py::TestCallbackWireCompat::test_batch_callbacks_fire_in_legacy_order PASSED [  3%]
tests/integration/test_session_lifecycle.py::TestAudioChunkPayloadStability::test_audio_chunk_field_set_unchanged FAILED [  3%]
tests/integration/test_session_lifecycle.py::TestErrorPathIdempotency::test_set_error_called_twice_on_same_session_is_idempotent PASSED [  3%]
tests/integration/test_session_lifecycle.py::TestMetricSessionIdWiring::test_first_chunk_latency_carries_session_id PASSED [  4%]
tests/integration/test_session_lifecycle.py::TestCacheWritePreservation::test_cache_file_written_after_streaming PASSED [  4%]
tests/integration/test_session_lifecycle.py::TestCacheWritePreservation::test_cache_file_written_after_batch PASSED [  4%]
tests/integration/test_session_lifecycle.py::TestStatusMetricsExposesRegistry::test_in_flight_count_with_no_registry PASSED [  4%]
tests/integration/test_session_lifecycle.py::TestStatusMetricsExposesRegistry::test_in_flight_count_with_registry PASSED [  4%]
tests/integration/test_session_lifecycle.py::TestFocalSessionLifecycle::test_current_session_changed_emits_through_lifecycle PASSED [  4%]
tests/integration/test_session_lifecycle.py::TestNetZeroInvariant::test_legacy_generation_state_enum_still_exists PASSED [  4%]
tests/integration/test_session_lifecycle.py::TestPlaybackQueueIntegration::test_three_sequential_finalizations_dispatch_in_order PASSED [  4%]
tests/integration/test_session_lifecycle.py::TestPlaybackQueueIntegration::test_in_flight_session_does_not_block_enqueue PASSED [  4%]
tests/integration/test_session_lifecycle.py::TestPlaybackQueueIntegration::test_playback_complete_advances_queue_once_despite_dual_fire PASSED [  4%]
tests/integration/test_session_lifecycle.py::TestPlaybackQueueIntegration::test_queue_depth_signal_forwards_to_registry PASSED [  4%]
tests/integration/test_session_lifecycle.py::TestPlaybackQueueIntegration::test_cancellation_during_dispatch_advances_queue PASSED [  4%]
tests/integration/test_session_lifecycle.py::TestPlaybackQueueIntegration::test_cancel_then_natural_complete_race_does_not_keyerror PASSED [  4%]
tests/integration/test_session_lifecycle.py::TestPlaybackQueueIntegration::test_streaming_exception_documented_but_not_exercised PASSED [  4%]
tests/integration/test_session_lifecycle.py::TestPlaybackQueueGatingHelpers::test_derive_queue_token_prefers_explicit_token PASSED [  4%]
tests/integration/test_session_lifecycle.py::TestPlaybackQueueGatingHelpers::test_derive_queue_token_uses_session_id_when_no_explicit_token PASSED [  4%]
tests/integration/test_session_lifecycle.py::TestPlaybackQueueGatingHelpers::test_derive_queue_token_mints_replay_uuid_for_replay_path PASSED [  4%]
tests/integration/test_session_lifecycle.py::TestPlaybackQueueGatingHelpers::test_claim_queue_slot_dispatches_when_queue_empty PASSED [  4%]
tests/integration/test_session_lifecycle.py::TestPlaybackQueueGatingHelpers::test_claim_queue_slot_defers_when_other_in_flight PASSED [  4%]
tests/integration/test_session_lifecycle.py::TestPlaybackQueueGatingHelpers::test_claim_queue_slot_passes_through_on_reentry PASSED [  4%]
tests/integration/test_session_lifecycle.py::TestPlaybackQueueGatingHelpers::test_claim_queue_slot_passes_through_when_queue_absent PASSED [  4%]
tests/integration/test_session_lifecycle.py::TestPlaybackQueueGatingHelpers::test_release_queue_slot_on_failure_advances_queue PASSED [  4%]
tests/integration/test_session_lifecycle.py::TestPlaybackQueueGatingHelpers::test_release_queue_slot_noop_when_token_mismatch PASSED [  4%]
tests/integration/test_session_lifecycle.py::TestPlaybackQueueGatingHelpers::test_release_queue_slot_noop_when_queue_absent PASSED [  4%]
tests/integration/test_session_lifecycle.py::TestPlayGeneratedAudioProduction::test_real_play_generated_audio_success_path_dispatches PASSED [  4%]
tests/integration/test_session_lifecycle.py::TestPlayGeneratedAudioProduction::test_real_play_generated_audio_failure_path_releases_queue PASSED [  4%]
tests/integration/test_session_lifecycle.py::TestPlayGeneratedAudioProduction::test_real_play_generated_audio_failure_then_success_unblocks PASSED [  4%]
tests/integration/test_session_lifecycle.py::TestPlayGeneratedAudioProduction::test_real_play_generated_audio_defers_when_queue_busy PASSED [  4%]
tests/integration/test_session_lifecycle.py::TestBoundedDedupSet::test_membership_after_add PASSED [  4%]
tests/integration/test_session_lifecycle.py::TestBoundedDedupSet::test_duplicate_add_is_noop PASSED [  4%]
tests/integration/test_session_lifecycle.py::TestBoundedDedupSet::test_evicts_oldest_when_at_capacity PASSED [  5%]
tests/integration/test_session_lifecycle.py::TestBoundedDedupSet::test_default_capacity_is_256 PASSED [  5%]
tests/integration/test_session_lifecycle.py::TestBoundedDedupSet::test_re_adding_evicted_key_treats_as_new PASSED [  5%]
tests/integration/test_streaming_tts_smoke.py::test_expected_chunk_count_helper_matches_both_shipped_geometries PASSED [  5%]
tests/integration/test_streaming_tts_smoke.py::TestCancelChainEndToEnd::test_cancel_chain_end_to_end_with_real_streamer_and_worker PASSED [  5%]
tests/integration/test_streaming_tts_smoke.py::TestCancelChainEndToEnd::test_cancel_chain_idempotent_when_called_twice PASSED [  5%]
tests/integration/test_streaming_tts_smoke.py::TestCancelChainLatency::test_cancel_chain_latency_under_100ms[0] PASSED [  5%]
tests/integration/test_streaming_tts_smoke.py::TestCancelChainLatency::test_cancel_chain_latency_under_100ms[1] PASSED [  5%]
tests/integration/test_streaming_tts_smoke.py::TestCancelChainLatency::test_cancel_chain_latency_under_100ms[2] PASSED [  5%]
tests/integration/test_streaming_tts_smoke.py::TestTrueStreamDispatchEndToEnd::test_true_stream_produces_correct_audio_for_representative_input PASSED [  5%]
tests/integration/test_streaming_tts_smoke.py::TestTrueStreamDispatchEndToEnd::test_true_stream_via_dispatch_emits_streaming_mode_metric PASSED [  5%]
tests/integration/test_streaming_tts_smoke.py::TestTrueStreamDispatchEndToEnd::test_cancel_mid_true_stream_propagates_through_chain PASSED [  5%]
tests/integration/test_streaming_tts_smoke.py::TestTrueStreamDispatchEndToEnd::test_concurrent_dispatches_serialized_via_semaphore PASSED [  5%]
tests/integration/test_streaming_tts_smoke.py::TestTrueStreamDispatchEndToEnd::test_cancel_before_first_chunk_returns_cleanly PASSED [  5%]
tests/integration/test_streaming_tts_smoke.py::TestTrueStreamDispatchEndToEnd::test_no_double_cancel_post_from_dispatch_path PASSED [  5%]
tests/integration/test_streaming_tts_smoke.py::TestSilentTalkerSurfacesAsFailure::test_zero_token_talker_raises_so_fallback_chain_fires PASSED [  5%]
tests/integration/test_streaming_tts_smoke.py::TestSilentTalkerSurfacesAsFailure::test_dispatch_fallback_chain_routes_to_sentence_stream_on_silent_talker PASSED [  5%]
tests/integration/test_streaming_tts_smoke.py::TestTrueStreamWireUpEndToEnd::test_real_wire_up_fires_streamer_for_custom_voice_request PASSED [  5%]
tests/integration/test_streaming_tts_smoke.py::TestTrueStreamWireUpEndToEnd::test_patch_is_restored_after_dispatch_completes PASSED [  5%]
tests/integration/test_streaming_tts_smoke.py::TestTrueStreamWireUpEndToEnd::test_real_wire_up_cooperative_cancel_does_not_raise PASSED [  5%]
tests/integration/test_streaming_tts_smoke.py::TestTtfaTalkerBoundaryInstrumentation::test_talker_boundaries_fire_once_each_in_order_on_threshold_path PASSED [  5%]
tests/integration/test_streaming_tts_smoke.py::TestTtfaTalkerBoundaryInstrumentation::test_residual_flush_path_emits_first_chunk_emit_boundary PASSED [  5%]
tests/services/api_server/test_audio_encode.py::test_pcm_is_raw_int16_passthrough PASSED [  5%]
tests/services/api_server/test_audio_encode.py::test_wav_round_trips_to_24k_mono PASSED [  5%]
tests/services/api_server/test_audio_encode.py::test_mp3_produces_valid_mpeg_payload PASSED [  5%]
tests/services/api_server/test_audio_encode.py::test_unsupported_format_raises PASSED [  5%]
tests/services/api_server/test_audio_encode.py::test_clipping_handles_out_of_range_floats PASSED [  5%]
tests/services/api_server/test_audio_encode.py::test_stream_encoder_pcm_passthrough_and_empty_flush PASSED [  5%]
tests/services/api_server/test_audio_encode.py::test_stream_encoder_mp3_frames_then_flush PASSED [  5%]
tests/services/api_server/test_audio_encode.py::test_stream_encoder_rejects_wav PASSED [  5%]
tests/services/api_server/test_origin_gating.py::test_api_session_publishes_and_suppresses_device PASSED [  6%]
tests/services/api_server/test_origin_gating.py::test_gui_session_reaches_device_and_is_not_published FAILED [  6%]
tests/services/api_server/test_routes_integration.py::test_buffered_mp3_default PASSED [  6%]
tests/services/api_server/test_routes_integration.py::test_buffered_formats[wav-audio/wav] PASSED [  6%]
tests/services/api_server/test_routes_integration.py::test_buffered_formats[pcm-audio/L16; rate=24000] PASSED [  6%]
tests/services/api_server/test_routes_integration.py::test_unknown_voice_400 PASSED [  6%]
tests/services/api_server/test_routes_integration.py::test_empty_input_422 PASSED [  6%]
tests/services/api_server/test_routes_integration.py::test_speed_two_accepted_noop PASSED [  6%]
tests/services/api_server/test_routes_integration.py::test_generation_failure_500 PASSED [  6%]
tests/services/api_server/test_routes_integration.py::test_voices_list PASSED [  6%]
tests/services/api_server/test_routes_integration.py::test_models_and_health PASSED [  6%]
tests/services/api_server/test_routes_integration.py::test_auth_required_when_key_set PASSED [  6%]
tests/services/api_server/test_routes_integration.py::test_host_guard_rejects_non_loopback PASSED [  6%]
tests/services/api_server/test_routes_integration.py::test_streaming_pcm_happy_path PASSED [  6%]
tests/services/api_server/test_routes_integration.py::test_streaming_wav_rejected_400 PASSED [  6%]
tests/services/api_server/test_routes_integration.py::test_streaming_zero_chunks_degrades_to_buffered PASSED [  6%]
tests/services/api_server/test_schemas.py::test_valid_request_defaults PASSED [  6%]
tests/services/api_server/test_schemas.py::test_empty_input_rejected PASSED [  6%]
tests/services/api_server/test_schemas.py::test_oversize_input_rejected PASSED [  6%]
tests/services/api_server/test_schemas.py::test_max_length_input_accepted PASSED [  6%]
tests/services/api_server/test_schemas.py::test_speed_out_of_range_rejected[0.24] PASSED [  6%]
tests/services/api_server/test_schemas.py::test_speed_out_of_range_rejected[4.01] PASSED [  6%]
tests/services/api_server/test_schemas.py::test_speed_out_of_range_rejected[0.0] PASSED [  6%]
tests/services/api_server/test_schemas.py::test_speed_out_of_range_rejected[-1.0] PASSED [  6%]
tests/services/api_server/test_schemas.py::test_speed_in_range_non_one_accepted PASSED [  6%]
tests/services/api_server/test_schemas.py::test_bad_response_format_rejected PASSED [  6%]
tests/services/api_server/test_schemas.py::test_resolve_voice_known PASSED [  6%]
tests/services/api_server/test_schemas.py::test_resolve_voice_unknown_returns_none PASSED [  6%]
tests/services/api_server/test_schemas.py::test_build_voices_response_lists_valid_profiles PASSED [  6%]
tests/services/api_server/test_schemas.py::test_build_models_response_advertises_model_id PASSED [  7%]
tests/services/api_server/test_security.py::test_host_guard_allows_loopback[127.0.0.1] PASSED [  7%]
tests/services/api_server/test_security.py::test_host_guard_allows_loopback[localhost] PASSED [  7%]
tests/services/api_server/test_security.py::test_host_guard_allows_loopback[127.0.0.1:7778] PASSED [  7%]
tests/services/api_server/test_security.py::test_host_guard_allows_loopback[localhost:7778] PASSED [  7%]
tests/services/api_server/test_security.py::test_host_guard_allows_ipv6_loopback[[::1]] PASSED [  7%]
tests/services/api_server/test_security.py::test_host_guard_allows_ipv6_loopback[[::1]:7778] PASSED [  7%]
tests/services/api_server/test_security.py::test_host_guard_rejects_non_loopback[evil.com] PASSED [  7%]
tests/services/api_server/test_security.py::test_host_guard_rejects_non_loopback[192.168.1.5] PASSED [  7%]
tests/services/api_server/test_security.py::test_host_guard_rejects_non_loopback[example.org:7778] PASSED [  7%]
tests/services/api_server/test_security.py::test_host_guard_rejects_non_loopback[] PASSED [  7%]
tests/services/api_server/test_security.py::test_auth_keyless_passes_without_header PASSED [  7%]
tests/services/api_server/test_security.py::test_auth_missing_header_rejected_when_key_set PASSED [  7%]
tests/services/api_server/test_security.py::test_auth_wrong_key_rejected PASSED [  7%]
tests/services/api_server/test_security.py::test_auth_correct_key_passes PASSED [  7%]
tests/services/api_server/test_security.py::test_auth_malformed_scheme_rejected PASSED [  7%]
tests/services/api_server/test_security.py::test_generate_api_key_is_high_entropy PASSED [  7%]
tests/services/api_server/test_server_lifecycle.py::test_stop_cancels_registered_stream_tasks PASSED [  7%]
tests/services/api_server/test_server_lifecycle.py::test_start_warns_when_keyless PASSED [  7%]
tests/services/api_server/test_session_id_threading.py::test_create_session_honors_supplied_id PASSED [  7%]
tests/services/api_server/test_session_id_threading.py::test_create_session_auto_generates_when_none PASSED [  7%]
tests/services/api_server/test_session_id_threading.py::test_request_dataclass_carries_session_id PASSED [  7%]
tests/services/api_server/test_stream_hub.py::test_publish_reaches_subscriber PASSED [  7%]
tests/services/api_server/test_stream_hub.py::test_publish_fans_out_to_all_subscribers_of_session PASSED [  7%]
tests/services/api_server/test_stream_hub.py::test_publish_to_unknown_session_is_noop PASSED [  7%]
tests/services/api_server/test_stream_hub.py::test_bounded_queue_drops_oldest_on_overflow PASSED [  7%]
tests/services/api_server/test_stream_hub.py::test_overflow_drops_non_final_but_keeps_final PASSED [  7%]
tests/services/api_server/test_stream_hub.py::test_incoming_dropped_to_preserve_oldest_final PASSED [  7%]
tests/services/api_server/test_stream_hub.py::test_unsubscribe_removes_queue_and_prunes_session PASSED [  7%]
tests/services/test_device_resilience_manager.py::TestDeviceResilienceManagerInit::test_init_with_default_config PASSED [  7%]
tests/services/test_device_resilience_manager.py::TestDeviceResilienceManagerInit::test_init_with_custom_config PASSED [  8%]
tests/services/test_device_resilience_manager.py::TestDeviceResilienceManagerInit::test_device_states_initialized PASSED [  8%]
tests/services/test_device_resilience_manager.py::TestDeviceResilienceManagerLifecycle::test_initialize_success PASSED [  8%]
tests/services/test_device_resilience_manager.py::TestDeviceResilienceManagerLifecycle::test_shutdown_success PASSED [  8%]
tests/services/test_device_resilience_manager.py::TestDeviceResilienceManagerLifecycle::test_health_check_uninitialized PASSED [  8%]
tests/services/test_device_resilience_manager.py::TestDeviceResilienceManagerLifecycle::test_health_check_initialized PASSED [  8%]
tests/services/test_device_resilience_manager.py::TestDeviceRegistration::test_register_monitor_device PASSED [  8%]
tests/services/test_device_resilience_manager.py::TestDeviceRegistration::test_register_device_with_fallback PASSED [  8%]
tests/services/test_device_resilience_manager.py::TestDeviceRegistration::test_unregister_device PASSED [  8%]
tests/services/test_device_resilience_manager.py::TestDeviceChangeHandling::test_device_removed_notification PASSED [  8%]
tests/services/test_device_resilience_manager.py::TestDeviceChangeHandling::test_device_reconnect_auto_recovery PASSED [  8%]
tests/services/test_device_resilience_manager.py::TestDeviceChangeHandling::test_virtual_mic_disconnect_independent PASSED [  8%]
tests/services/test_device_resilience_manager.py::TestDeviceChangeHandling::test_fallback_on_disconnect PASSED [  8%]
tests/services/test_device_resilience_manager.py::TestDeviceRefresh::test_refresh_devices_success PASSED [  8%]
tests/services/test_device_resilience_manager.py::TestDeviceRefresh::test_refresh_devices_not_initialized PASSED [  8%]
tests/services/test_device_resilience_manager.py::TestDeviceRefresh::test_enumerate_devices PASSED [  8%]
tests/services/test_device_resilience_manager.py::TestCallbackManagement::test_add_notification_callback PASSED [  8%]
tests/services/test_device_resilience_manager.py::TestCallbackManagement::test_remove_notification_callback PASSED [  8%]
tests/services/test_device_resilience_manager.py::TestCallbackManagement::test_add_recovery_callback PASSED [  8%]
tests/services/test_device_resilience_manager.py::TestHealthStatus::test_get_health_status PASSED [  8%]
tests/services/test_device_resilience_manager.py::TestEventMatching::test_event_matches_by_name PASSED [  8%]
tests/services/test_device_resilience_manager.py::TestEventMatching::test_event_matches_by_index PASSED [  8%]
tests/services/test_device_resilience_manager.py::TestEventMatching::test_event_no_match PASSED [  8%]
tests/services/test_model_loading_manager.py::TestModelLoadingManagerInit::test_manager_creation PASSED [  8%]
tests/services/test_model_loading_manager.py::TestModelLoadingManagerInit::test_set_tts_service PASSED [  8%]
tests/services/test_model_loading_manager.py::TestVoiceTypeRequiredModel::test_bundled_requires_custom_voice PASSED [  8%]
tests/services/test_model_loading_manager.py::TestVoiceTypeRequiredModel::test_designed_requires_voice_design PASSED [  8%]
tests/services/test_model_loading_manager.py::TestVoiceTypeRequiredModel::test_cloned_requires_base PASSED [  8%]
tests/services/test_model_loading_manager.py::TestModelSwitchDetection::test_no_switch_same_model_type PASSED [  8%]
tests/services/test_model_loading_manager.py::TestModelSwitchDetection::test_switch_needed_different_model_type PASSED [  8%]
tests/services/test_model_loading_manager.py::TestModelSwitchDetection::test_switch_needed_for_cloned PASSED [  9%]
tests/services/test_model_loading_manager.py::TestModelSwitchDetection::test_switch_needed_when_no_model_loaded PASSED [  9%]
tests/services/test_model_loading_manager.py::TestInstantSwitchDetection::test_instant_switch_same_model PASSED [  9%]
tests/services/test_model_loading_manager.py::TestInstantSwitchDetection::test_not_instant_switch_different_model PASSED [  9%]
tests/services/test_model_loading_manager.py::TestLoadingMessage::test_no_message_instant_switch PASSED [  9%]
tests/services/test_model_loading_manager.py::TestLoadingMessage::test_message_for_model_switch PASSED [  9%]
tests/services/test_model_loading_manager.py::TestModelLoadingStatus::test_status_creation PASSED [  9%]
tests/services/test_model_loading_manager.py::TestModelLoadingStatus::test_status_with_error PASSED [  9%]
tests/services/test_model_loading_manager.py::TestLoadingStatusRetrieval::test_get_loading_status PASSED [  9%]
tests/services/test_model_loading_manager.py::TestLoadingStatusRetrieval::test_is_loading_method PASSED [  9%]
tests/services/test_model_loading_manager.py::TestModelLoadingManagerSignals::test_loading_started_signal_exists PASSED [  9%]
tests/services/test_model_loading_manager.py::TestModelLoadingManagerSignals::test_loading_progress_signal_exists PASSED [  9%]
tests/services/test_model_loading_manager.py::TestModelLoadingManagerSignals::test_loading_complete_signal_exists PASSED [  9%]
tests/services/test_model_loading_manager.py::TestModelLoadingManagerSignals::test_model_ready_signal_exists PASSED [  9%]
tests/services/test_model_registry_optimization.py::TestModelRegistryOptimizationCodePresence::test_matmul_precision_code_exists PASSED [  9%]
tests/services/test_model_registry_optimization.py::TestModelRegistryOptimizationCodePresence::test_matmul_precision_only_for_cuda PASSED [  9%]
tests/services/test_model_registry_optimization.py::TestModelRegistryOptimizationCodePresence::test_flash_attention_detection_code_exists PASSED [  9%]
tests/services/test_model_registry_optimization.py::TestModelRegistryOptimizationCodePresence::test_matmul_precision_error_handling PASSED [  9%]
tests/services/test_model_registry_optimization.py::TestModelRegistryOptimizationDocumentation::test_github_issue_reference PASSED [  9%]
tests/services/test_model_registry_optimization.py::TestModelRegistryOptimizationDocumentation::test_ampere_gpu_comment PASSED [  9%]
tests/services/test_model_registry_optimization.py::TestModelRegistryDeviceHandling::test_auto_device_pattern PASSED [  9%]
tests/services/test_model_registry_optimization.py::TestModelRegistryDeviceHandling::test_device_stored_as_attribute PASSED [  9%]
tests/services/test_model_registry_optimization.py::TestModelRegistryLoadKwargs::test_device_map_in_load_kwargs PASSED [  9%]
tests/services/test_model_registry_optimization.py::TestModelRegistryLoadKwargs::test_dtype_in_load_kwargs PASSED [  9%]
tests/services/test_model_registry_optimization.py::TestModelRegistryLoadKwargs::test_attn_implementation_conditionally_added PASSED [  9%]
tests/services/test_optimized_voice.py::TestVoiceTypeOptimized::test_optimized_type_exists PASSED [  9%]
tests/services/test_optimized_voice.py::TestVoiceTypeOptimized::test_optimized_supports_emotion PASSED [  9%]
tests/services/test_optimized_voice.py::TestVoiceTypeOptimized::test_optimized_display_name PASSED [  9%]
tests/services/test_optimized_voice.py::TestVoiceTypeOptimized::test_optimized_icon PASSED [  9%]
tests/services/test_optimized_voice.py::TestVoiceTypeOptimized::test_optimized_sort_order FAILED [ 10%]
tests/services/test_optimized_voice.py::TestVoiceTypeOptimized::test_optimized_required_model PASSED [ 10%]
tests/services/test_optimized_voice.py::TestVoiceTypeOptimized::test_cloned_does_not_support_emotion PASSED [ 10%]
tests/services/test_optimized_voice.py::TestVoiceTypeOptimized::test_bundled_supports_emotion PASSED [ 10%]
tests/services/test_optimized_voice.py::TestCreateOptimizedProfile::test_create_optimized_profile_basic PASSED [ 10%]
tests/services/test_optimized_voice.py::TestCreateOptimizedProfile::test_create_optimized_profile_with_description PASSED [ 10%]
tests/services/test_optimized_voice.py::TestCreateOptimizedProfile::test_optimized_profile_virtual_path PASSED [ 10%]
tests/services/test_optimized_voice.py::TestCreateOptimizedProfile::test_optimized_profile_transcription_skipped PASSED [ 10%]
tests/services/test_optimized_voice.py::TestCreateOptimizedProfile::test_is_optimized_helper PASSED [ 10%]
tests/services/test_optimized_voice.py::TestCreateOptimizedProfile::test_non_optimized_is_optimized_returns_false PASSED [ 10%]
tests/services/test_optimized_voice.py::TestOptimizedProfileSerialization::test_to_dict_includes_optimized_fields PASSED [ 10%]
tests/services/test_optimized_voice.py::TestOptimizedProfileSerialization::test_from_dict_restores_optimized_profile PASSED [ 10%]
tests/services/test_optimized_voice.py::TestModelRegistryCheckpointLoading::test_ensure_model_loaded_with_checkpoint PASSED [ 10%]
tests/services/test_optimized_voice.py::TestModelRegistryCheckpointLoading::test_checkpoint_path_tracked FAILED [ 10%]
tests/services/test_optimized_voice.py::TestModelRegistryCheckpointLoading::test_same_checkpoint_no_reload PASSED [ 10%]
tests/services/test_optimized_voice.py::TestModelRegistryCheckpointLoading::test_different_checkpoint_triggers_reload PASSED [ 10%]
tests/services/test_optimized_voice.py::TestGenerateOptimizedVoice::test_generate_optimized_voice_validates_checkpoint PASSED [ 10%]
tests/services/test_optimized_voice.py::TestGenerateOptimizedVoice::test_generate_optimized_voice_uses_emotion_preset PASSED [ 10%]
tests/services/test_optimized_voice.py::TestGenerateOptimizedVoice::test_generate_optimized_voice_passes_checkpoint_path PASSED [ 10%]
tests/services/test_optimized_voice.py::TestGenerateOptimizedVoice::test_generate_optimized_voice_uses_custom_voice_model PASSED [ 10%]
tests/services/test_optimized_voice.py::TestVoiceProfileManagerOptimized::test_register_optimized_profile PASSED [ 10%]
tests/services/test_optimized_voice.py::TestVoiceProfileManagerOptimized::test_optimized_profile_saved_to_cache PASSED [ 10%]
tests/services/test_optimized_voice.py::TestVoiceProfileManagerOptimized::test_optimized_voice_loaded_from_cache PASSED [ 10%]
tests/services/test_optimized_voice.py::TestVoiceProfileManagerOptimized::test_set_optimized_active PASSED [ 10%]
tests/services/test_optimized_voice.py::TestAppVoiceRouting::test_optimized_voice_routes_to_generate_optimized PASSED [ 10%]
tests/services/test_optimized_voice.py::TestAppVoiceRouting::test_optimized_profile_has_required_fields_for_routing PASSED [ 10%]
tests/services/test_voice_profile_manager.py::TestVoiceProfileManagerInit::test_init_with_defaults FAILED [ 10%]
tests/services/test_voice_profile_manager.py::TestVoiceProfileManagerInit::test_init_with_custom_max_duration PASSED [ 10%]
tests/services/test_voice_profile_manager.py::TestRegisterProfile::test_register_valid_cloned_profile PASSED [ 10%]
tests/services/test_voice_profile_manager.py::TestRegisterProfile::test_register_valid_designed_profile PASSED [ 10%]
tests/services/test_voice_profile_manager.py::TestRegisterProfile::test_register_invalid_profile_rejected PASSED [ 11%]
tests/services/test_voice_profile_manager.py::TestRegisterProfile::test_register_profile_saves_to_cache PASSED [ 11%]
tests/services/test_voice_profile_manager.py::TestRegisterProfile::test_register_profile_preserves_voice_type PASSED [ 11%]
tests/services/test_voice_profile_manager.py::TestRegisterProfile::test_register_profile_logs_type_info PASSED [ 11%]
tests/services/test_voice_profile_manager.py::TestCacheVoiceTypePersistence::test_cache_saves_voice_type PASSED [ 11%]
tests/services/test_voice_profile_manager.py::TestCacheVoiceTypePersistence::test_cache_loads_voice_type PASSED [ 11%]
tests/services/test_voice_profile_manager.py::TestCacheVoiceTypePersistence::test_cache_defaults_to_cloned_without_voice_type PASSED [ 11%]
tests/services/test_voice_profile_manager.py::TestCacheVoiceTypePersistence::test_designed_voice_type_persisted PASSED [ 11%]
tests/services/test_voice_profile_manager.py::TestBundledVoiceReinitialization::test_bundled_voices_initialized_on_start PASSED [ 11%]
tests/services/test_voice_profile_manager.py::TestBundledVoiceReinitialization::test_bundled_voices_preserved_after_incremental_scan PASSED [ 11%]
tests/services/test_voice_profile_manager.py::TestBundledVoiceReinitialization::test_bundled_voices_reinitialized_after_full_rescan PASSED [ 11%]
tests/services/test_voice_profile_manager.py::TestBundledVoiceReinitialization::test_force_rescan_preserves_bundled_voices PASSED [ 11%]
tests/services/test_voice_profile_manager.py::TestBundledVoiceReinitialization::test_bundled_voices_not_duplicated PASSED [ 11%]
tests/services/test_voice_profile_manager.py::TestBundledVoiceReinitialization::test_bundled_voices_skipped_in_cache_load PASSED [ 11%]
tests/services/test_voice_profile_manager.py::TestGetBundledProfiles::test_returns_only_bundled PASSED [ 11%]
tests/services/test_voice_profile_manager.py::TestCacheEmotionCapable::test_emotion_capable_saved_to_cache PASSED [ 11%]
tests/services/test_voice_profile_manager.py::TestCacheEmotionCapable::test_cloned_voice_not_emotion_capable PASSED [ 11%]
tests/services/test_voice_profile_manager.py::TestActiveProfileWithVoiceType::test_set_bundled_active PASSED [ 11%]
tests/services/test_voice_profile_manager.py::TestActiveProfileWithVoiceType::test_set_cloned_active PASSED [ 11%]
tests/settings/test_configuration_data_persistence.py::TestVoiceSelectionFallback::test_restore_valid_voice_selection PASSED [ 11%]
tests/settings/test_configuration_data_persistence.py::TestVoiceSelectionFallback::test_fallback_to_bundled_when_voice_missing PASSED [ 11%]
tests/settings/test_configuration_data_persistence.py::TestVoiceSelectionFallback::test_fallback_to_bundled_when_voice_empty PASSED [ 11%]
tests/settings/test_configuration_data_persistence.py::TestVoiceSelectionFallback::test_fallback_to_first_available_when_default_missing PASSED [ 11%]
tests/settings/test_configuration_data_persistence.py::TestVoiceSelectionFallback::test_no_fallback_when_no_voices_available PASSED [ 11%]
tests/settings/test_configuration_data_persistence.py::TestVoiceSelectionFallback::test_fallback_on_error PASSED [ 11%]
tests/settings/test_configuration_data_persistence.py::TestVoiceDirectoryLoading::test_voice_files_directory_default PASSED [ 11%]
tests/settings/test_configuration_data_persistence.py::TestVoiceDirectoryLoading::test_voice_files_directory_custom PASSED [ 11%]
tests/settings/test_configuration_data_persistence.py::TestVoiceDirectoryLoading::test_get_voice_files_path PASSED [ 11%]
tests/settings/test_configuration_data_persistence.py::TestCorruptedVoiceHandling::test_skip_corrupted_voice_log_warning PASSED [ 11%]
tests/settings/test_configuration_data_persistence.py::TestQuickSpeakPersistence::test_quick_speak_service_creates_default_profile PASSED [ 11%]
tests/settings/test_configuration_data_persistence.py::TestQuickSpeakPersistence::test_quick_speak_service_loads_entries PASSED [ 12%]
tests/settings/test_configuration_data_persistence.py::TestQuickSpeakPersistence::test_quick_speak_service_saves_entries PASSED [ 12%]
tests/settings/test_configuration_data_persistence.py::TestSettingsDirectoryInitialization::test_config_directory_created_on_start PASSED [ 12%]
tests/settings/test_configuration_data_persistence.py::TestVoiceProfilePersistence::test_voice_selection_persisted_in_settings PASSED [ 12%]
tests/settings/test_configuration_data_persistence.py::TestVoiceProfilePersistence::test_voice_selection_serialized PASSED [ 12%]
tests/settings/test_configuration_data_persistence.py::TestVoiceProfilePersistence::test_voice_selection_deserialized PASSED [ 12%]
tests/settings/test_configuration_data_persistence.py::TestDefaultBundledVoice::test_select_default_bundled_voice PASSED [ 12%]
tests/settings/test_configuration_data_persistence.py::TestDefaultBundledVoice::test_no_selection_when_no_voice_profile_set PASSED [ 12%]
tests/settings/test_reset_to_defaults.py::TestAppSettingsResetToDefaults::test_reset_restores_always_on_top_true PASSED [ 12%]
tests/settings/test_reset_to_defaults.py::TestAppSettingsResetToDefaults::test_reset_restores_transparency_100_percent PASSED [ 12%]
tests/settings/test_reset_to_defaults.py::TestAppSettingsResetToDefaults::test_reset_clears_window_geometry PASSED [ 12%]
tests/settings/test_reset_to_defaults.py::TestAppSettingsResetToDefaults::test_reset_clears_monitor_device PASSED [ 12%]
tests/settings/test_reset_to_defaults.py::TestAppSettingsResetToDefaults::test_reset_clears_virtual_device PASSED [ 12%]
tests/settings/test_reset_to_defaults.py::TestAppSettingsResetToDefaults::test_reset_preserves_voice_files_directory PASSED [ 12%]
tests/settings/test_reset_to_defaults.py::TestAppSettingsResetToDefaults::test_reset_restores_theme_to_dark PASSED [ 12%]
tests/settings/test_reset_to_defaults.py::TestAppSettingsResetToDefaults::test_reset_restores_log_level_to_info PASSED [ 12%]
tests/settings/test_reset_to_defaults.py::TestAppSettingsResetToDefaults::test_reset_sets_selected_voice_profile_to_default PASSED [ 12%]
tests/settings/test_reset_to_defaults.py::TestSettingsDialogResetButton::test_reset_button_exists PASSED [ 12%]
tests/settings/test_reset_to_defaults.py::TestSettingsDialogResetButton::test_reset_button_triggers_confirmation PASSED [ 12%]
tests/settings/test_reset_to_defaults.py::TestResetVoiceToBundled::test_reset_sets_voice_to_sarira_f PASSED [ 12%]
tests/settings/test_reset_to_defaults.py::TestResetQuickSpeak::test_reset_quick_speak_entries +++++++++++++++++++++++++++++++++++ Timeout +++++++++++++++++++++++++++++++++++
~~~~~~~~~~~~~~~~~~~~~~~~~ Stack of MainThread (3900) ~~~~~~~~~~~~~~~~~~~~~~~~~~
  File "I:\MyVoiceV2\_bmad-output\implementation-artifacts\tooling-3\run_pytest.py", line 17, in <module>
    sys.exit(pytest.main(sys.argv[1:], plugins=[durations_jsonl]))
  File "I:\MyVoiceV2\python310\Lib\site-packages\_pytest\config\__init__.py", line 199, in main
    ret: ExitCode | int = config.hook.pytest_cmdline_main(config=config)
  File "I:\MyVoiceV2\python310\Lib\site-packages\pluggy\_hooks.py", line 512, in __call__
    return self._hookexec(self.name, self._hookimpls.copy(), kwargs, firstresult)
  File "I:\MyVoiceV2\python310\Lib\site-packages\pluggy\_manager.py", line 120, in _hookexec
    return self._inner_hookexec(hook_name, methods, kwargs, firstresult)
  File "I:\MyVoiceV2\python310\Lib\site-packages\pluggy\_callers.py", line 121, in _multicall
    res = hook_impl.function(*args)
  File "I:\MyVoiceV2\python310\Lib\site-packages\_pytest\main.py", line 365, in pytest_cmdline_main
    return wrap_session(config, _main)
  File "I:\MyVoiceV2\python310\Lib\site-packages\_pytest\main.py", line 318, in wrap_session
    session.exitstatus = doit(config, session) or 0
  File "I:\MyVoiceV2\python310\Lib\site-packages\_pytest\main.py", line 372, in _main
    config.hook.pytest_runtestloop(session=session)
  File "I:\MyVoiceV2\python310\Lib\site-packages\pluggy\_hooks.py", line 512, in __call__
    return self._hookexec(self.name, self._hookimpls.copy(), kwargs, firstresult)
  File "I:\MyVoiceV2\python310\Lib\site-packages\pluggy\_manager.py", line 120, in _hookexec
    return self._inner_hookexec(hook_name, methods, kwargs, firstresult)
  File "I:\MyVoiceV2\python310\Lib\site-packages\pluggy\_callers.py", line 121, in _multicall
    res = hook_impl.function(*args)
  File "I:\MyVoiceV2\python310\Lib\site-packages\_pytest\main.py", line 396, in pytest_runtestloop
    item.config.hook.pytest_runtest_protocol(item=item, nextitem=nextitem)
  File "I:\MyVoiceV2\python310\Lib\site-packages\pluggy\_hooks.py", line 512, in __call__
    return self._hookexec(self.name, self._hookimpls.copy(), kwargs, firstresult)
  File "I:\MyVoiceV2\python310\Lib\site-packages\pluggy\_manager.py", line 120, in _hookexec
    return self._inner_hookexec(hook_name, methods, kwargs, firstresult)
  File "I:\MyVoiceV2\python310\Lib\site-packages\pluggy\_callers.py", line 121, in _multicall
    res = hook_impl.function(*args)
  File "I:\MyVoiceV2\python310\Lib\site-packages\_pytest\runner.py", line 118, in pytest_runtest_protocol
    runtestprotocol(item, nextitem=nextitem)
  File "I:\MyVoiceV2\python310\Lib\site-packages\_pytest\runner.py", line 137, in runtestprotocol
    reports.append(call_and_report(item, "call", log))
  File "I:\MyVoiceV2\python310\Lib\site-packages\_pytest\runner.py", line 244, in call_and_report
    call = CallInfo.from_call(
  File "I:\MyVoiceV2\python310\Lib\site-packages\_pytest\runner.py", line 353, in from_call
    result: TResult | None = func()
  File "I:\MyVoiceV2\python310\Lib\site-packages\_pytest\runner.py", line 245, in <lambda>
    lambda: runtest_hook(item=item, **kwds),
  File "I:\MyVoiceV2\python310\Lib\site-packages\pluggy\_hooks.py", line 512, in __call__
    return self._hookexec(self.name, self._hookimpls.copy(), kwargs, firstresult)
  File "I:\MyVoiceV2\python310\Lib\site-packages\pluggy\_manager.py", line 120, in _hookexec
    return self._inner_hookexec(hook_name, methods, kwargs, firstresult)
  File "I:\MyVoiceV2\python310\Lib\site-packages\pluggy\_callers.py", line 121, in _multicall
    res = hook_impl.function(*args)
  File "I:\MyVoiceV2\python310\Lib\site-packages\_pytest\runner.py", line 179, in pytest_runtest_call
    item.runtest()
  File "I:\MyVoiceV2\python310\Lib\site-packages\_pytest\python.py", line 1720, in runtest
    self.ihook.pytest_pyfunc_call(pyfuncitem=self)
  File "I:\MyVoiceV2\python310\Lib\site-packages\pluggy\_hooks.py", line 512, in __call__
    return self._hookexec(self.name, self._hookimpls.copy(), kwargs, firstresult)
  File "I:\MyVoiceV2\python310\Lib\site-packages\pluggy\_manager.py", line 120, in _hookexec
    return self._inner_hookexec(hook_name, methods, kwargs, firstresult)
  File "I:\MyVoiceV2\python310\Lib\site-packages\pluggy\_callers.py", line 121, in _multicall
    res = hook_impl.function(*args)
  File "I:\MyVoiceV2\python310\Lib\site-packages\_pytest\python.py", line 166, in pytest_pyfunc_call
    result = testfunction(**testargs)
  File "G:\MyVoicePublicInst\tests\settings\test_reset_to_defaults.py", line 184, in test_reset_quick_speak_entries
  File "I:\MyVoiceV2\src\myvoice\ui\components\settings_dialog.py", line 131, in __init__
    self._create_ui()
  File "I:\MyVoiceV2\src\myvoice\ui\components\settings_dialog.py", line 171, in _create_ui
    self._create_quick_speak_tab()
  File "I:\MyVoiceV2\src\myvoice\ui\components\settings_dialog.py", line 752, in _create_quick_speak_tab
    self.quick_speak_widget = QuickSpeakSettingsWidget(self.quick_speak_service)
  File "I:\MyVoiceV2\src\myvoice\ui\components\quick_speak_settings_widget.py", line 49, in __init__
    self._load_entries()
  File "I:\MyVoiceV2\src\myvoice\ui\components\quick_speak_settings_widget.py", line 152, in _load_entries
    QMessageBox.warning(
+++++++++++++++++++++++++++++++++++ Timeout +++++++++++++++++++++++++++++++++++
=== iteration 1 end 2026-09-14T12:39:40-06:00 rc=1 wall=73s ===
