'sox' is not recognized as an internal or external command,
operable program or batch file.
WARNING:sox:SoX could not be found!

    If you do not have SoX, proceed here:
     - - - http://sox.sourceforge.net/ - - -

    If you do (or think that you should) have SoX, double-check your
    path variables.
    
`torch_dtype` is deprecated! Use `dtype` instead!
TTFA harness: utterance=long chunk_size=10 lookahead=5 precision=auto compile=auto runs=5 (+1 warmup)
  device=NVIDIA GeForce RTX 5090 vram=31.8GiB cap=12.0 torch=2.10.0+cu128

********
Warning: flash-attn is not installed. Will only run the manual PyTorch version. Please install flash-attn for faster inference.
********
 
Fetching 4 files:   0%|          | 0/4 [00:00<?, ?it/s]Fetching 4 files: 100%|##########| 4/4 [00:00<?, ?it/s]
Setting `pad_token_id` to `eos_token_id`:2150 for open-end generation.
CUDAGraph supports dynamic shapes by recording a new graph for each distinct input size. Recording too many CUDAGraphs may lead to extra overhead. We have observed 9 distinct sizes. Please consider the following options for better performance: a) padding inputs to a few fixed number of shapes; or b) set torch._inductor.config.triton.cudagraph_skip_dynamic_graphs=True. Set torch._inductor.config.triton.cudagraph_dynamic_shape_warn_limit=None to silence this warning.
Setting `pad_token_id` to `eos_token_id`:2150 for open-end generation.
Setting `pad_token_id` to `eos_token_id`:2150 for open-end generation.
Setting `pad_token_id` to `eos_token_id`:2150 for open-end generation.
Setting `pad_token_id` to `eos_token_id`:2150 for open-end generation.
Setting `pad_token_id` to `eos_token_id`:2150 for open-end generation.
[Tokenizer] Enabling streaming optimizations...
  use_compile=True, compile_mode=reduce-overhead
  use_cuda_graphs=True (manual)
[Decoder] Compiling forward with mode=reduce-overhead, backend=inductor...
[Decoder] Note: mode='reduce-overhead' includes CUDA graphs automatically
[Decoder] Compilation complete
[Tokenizer] Note: compile_mode='reduce-overhead' already includes CUDA graphs
[Tokenizer] Manual CUDA graph capture skipped (not needed)
[CodePredictor] Compiling model with mode=reduce-overhead...
  warmup: TTFA(post)=10236ms [s1=8751 s2=1093 s3=392 s4=1 res=0] ratio=0.931 chunks=24 gen=29970ms
  run 1: TTFA(post)=1033ms [s1=107 s2=846 s3=80 s4=0 res=0] ratio=0.881 chunks=25 gen=21216ms
  run 2: TTFA(post)=1045ms [s1=106 s2=833 s3=106 s4=0 res=0] ratio=0.958 chunks=22 gen=18420ms
  run 3: TTFA(post)=1068ms [s1=109 s2=864 s3=96 s4=1 res=0] ratio=0.961 chunks=25 gen=21360ms
  run 4: TTFA(post)=1060ms [s1=111 s2=839 s3=110 s4=0 res=0] ratio=0.881 chunks=24 gen=19870ms
  run 5: TTFA(post)=1839ms [s1=199 s2=1525 s3=115 s4=1 res=0] ratio=1.323 chunks=24 gen=22255ms

Wrote 6 rows -> _bmad-output\implementation-artifacts\20-1-sweep-long-cs10.csv
{
  "seg1_prefill_ms": {
    "n": 5,
    "median": 108.550048828125,
    "p95": 198.744873046875,
    "min": 106.32763671875,
    "max": 198.744873046875
  },
  "seg1a_dispatch_overhead_ms": {
    "n": 5,
    "median": 1.00244140625,
    "p95": 1.017578125,
    "min": 0.50390625,
    "max": 1.017578125
  },
  "seg1b_prompt_encode_ms": {
    "n": 5,
    "median": 108.046142578125,
    "p95": 197.74169921875,
    "min": 105.3251953125,
    "max": 197.74169921875
  },
  "seg2_talker_to_first_chunk_ms": {
    "n": 5,
    "median": 845.57763671875,
    "p95": 1525.335205078125,
    "min": 833.387939453125,
    "max": 1525.335205078125
  },
  "seg3_first_decode_ms": {
    "n": 5,
    "median": 105.67138671875,
    "p95": 115.15087890625,
    "min": 80.071044921875,
    "max": 115.15087890625
  },
  "seg4_consumer_cushion_ms": {
    "n": 5,
    "median": 0.0,
    "p95": 0.504150390625,
    "min": 0.0,
    "max": 0.504150390625
  },
  "residual_post_ms": {
    "n": 5,
    "median": 0.0,
    "p95": 0.0,
    "min": 0.0,
    "max": 0.0
  },
  "measured_t0_to_post_ms": {
    "n": 5,
    "median": 1060.005126953125,
    "p95": 1839.23095703125,
    "min": 1032.8369140625,
    "max": 1839.23095703125
  },
  "first_chunk_latency_ms": {
    "n": 5,
    "median": 1060.0051879882812,
    "p95": 1839.231014251709,
    "min": 1032.8369140625,
    "max": 1839.231014251709
  },
  "reconcile_error_pct": {
    "n": 5,
    "median": 0.0,
    "p95": 0.0,
    "min": 0.0,
    "max": 0.0
  },
  "producer_ratio": {
    "n": 5,
    "median": 0.957845691715348,
    "p95": 1.3229236507567712,
    "min": 0.8809778797962029,
    "max": 1.3229236507567712
  },
  "producer_rate_P": {
    "n": 5,
    "median": 1.044009498240954,
    "p95": 1.1351022800156236,
    "min": 0.7559015211708972,
    "max": 1.1351022800156236
  },
  "total_audio_ms": {
    "n": 5,
    "median": 18822.291666666668,
    "p95": 19766.875,
    "min": 17493.125000000004,
    "max": 19766.875
  },
  "generation_wall_ms": {
    "n": 5,
    "median": 21216.110944747925,
    "p95": 22255.378007888794,
    "min": 18419.758319854736,
    "max": 22255.378007888794
  }
}
