'sox' is not recognized as an internal or external command,
operable program or batch file.
SoX could not be found!

    If you do not have SoX, proceed here:
     - - - http://sox.sourceforge.net/ - - -

    If you do (or think that you should) have SoX, double-check your
    path variables.
    
`torch_dtype` is deprecated! Use `dtype` instead!

********
Warning: flash-attn is not installed. Will only run the manual PyTorch version. Please install flash-attn for faster inference.
********
 
==============================================================================
Story 20.5 Phase 1 - codec state-caching bench
==============================================================================
Fetching 4 files:   0%|          | 0/4 [00:00<?, ?it/s]Fetching 4 files: 100%|##########| 4/4 [00:00<?, ?it/s]
Setting `pad_token_id` to `eos_token_id`:2150 for open-end generation.
CUDAGraph supports dynamic shapes by recording a new graph for each distinct input size. Recording too many CUDAGraphs may lead to extra overhead. We have observed 9 distinct sizes. Please consider the following options for better performance: a) padding inputs to a few fixed number of shapes; or b) set torch._inductor.config.triton.cudagraph_skip_dynamic_graphs=True. Set torch._inductor.config.triton.cudagraph_dynamic_shape_warn_limit=None to silence this warning.
Setting `pad_token_id` to `eos_token_id`:2150 for open-end generation.
Setting `pad_token_id` to `eos_token_id`:2150 for open-end generation.
Setting `pad_token_id` to `eos_token_id`:2150 for open-end generation.
[Tokenizer] Enabling streaming optimizations...
  use_compile=True, compile_mode=reduce-overhead
  use_cuda_graphs=True (manual)
[Decoder] Compiling forward with mode=reduce-overhead, backend=inductor...
[Decoder] Note: mode='reduce-overhead' includes CUDA graphs automatically
[Decoder] Compilation complete
[Tokenizer] Note: compile_mode='reduce-overhead' already includes CUDA graphs
[Tokenizer] Manual CUDA graph capture skipped (not needed)
[CodePredictor] Compiling model with mode=reduce-overhead...
  captured m-020  frames=47 quantizers=16 (2 streamer chunks)
  captured l-020  frames=242 quantizers=16 (10 streamer chunks)
  captured l-021  frames=176 quantizers=16 (7 streamer chunks)

decoder: device=cuda:0 dtype=torch.bfloat16 upsample_rates=(8, 5, 4, 3) upsampling_ratios=(2, 2) total_upsample=1920
transformer: layers=8 hidden=512 heads=16 kv_heads=16 sliding_window=72 layer_types={'sliding_attention'}

CausalConvNet (stride, padding, k_eff) set: [(1, 0, 1), (1, 2, 3), (1, 6, 7), (1, 18, 19), (1, 54, 55)]
CausalTransConvNet (k, stride, left_pad, right_pad): [(2, 2, 0, 0), (2, 2, 0, 0), (16, 8, 8, 8), (10, 5, 5, 5), (8, 4, 4, 4), (6, 3, 3, 3)]

edge-loss decomposition (transposed-conv left/right trim):
   stride  8  x downstream upsample   60  =  480 samples
   stride  5  x downstream upsample   12  =   60 samples
   stride  4  x downstream upsample    3  =   12 samples
   stride  3  x downstream upsample    1  =    3 samples
   TOTAL = 555 samples   (measured constant: 555)

compile / CUDA-graph state on the LOADED decoder:
   _compiled_forward set : True
   _compile_mode         : reduce-overhead
   _cuda_graph captured  : False
   _graph_window_size    : None

==============================================================================
l-020  frames=242  (19.36 s of audio)
==============================================================================
  WHOLE decode length = 464085  (1920*242 - 555 = 464085)
  determinism floor (whole vs whole, same input) NRMSE = 0.000e+00
  control: stream_forward as a single chunk vs WHOLE -> len 464085 vs 464085, NRMSE 0.000e+00
  INDEP per-chunk lengths (first 5): [47445, 47445, 47445, 47445, 47445] (1920*25-555 = 47445)
  ALL-state per-chunk lengths (first 5): [47445, 48000, 48000, 48000, 48000]  (1920*25 = 48000)

  arm                    seams  headNRMSE   maxNRMSE  corr med  corr min  aligNRMSE    lag delta
  INDEP (ships today)        9     1.0645     3.5873    0.2866    0.0128     0.9939  -951..1176 
  state: none                9     1.0645     3.5873    0.2866    0.0128     0.9939  -951..1176 
  state: conv                9     1.1003     3.3366    0.3991    0.0180     0.9860  -501..1163 
  state: tconv               9     0.9126     1.2537    0.7114    0.3668     0.7981    -3..849  
  state: xformer             9     1.0311     3.0379    0.3456    0.0207     0.9918  -946..1188 
  state: conv+tconv          9     0.6149     1.1958    0.9336    0.7247     0.6149   -11..389  
  state: conv+xformer        9     1.0518     2.8900    0.4681    0.0280     0.9568  -932..1164 
  state: tconv+xformer       9     0.7998     1.0263    0.7571    0.4482     0.6549     0..649  
  state: ALL                 9     0.2583     0.6206    0.9669    0.8936     0.2583    -3..389  
  INDEP (ships today)    concat len   459090  vs GT   464085  delta -4995
  state: none            concat len   459090  vs GT   464085  delta -4995
  state: conv            concat len   459090  vs GT   464085  delta -4995
  state: tconv           concat len   464085  vs GT   464085  delta +0
  state: xformer         concat len   459090  vs GT   464085  delta -4995
  state: conv+tconv      concat len   464085  vs GT   464085  delta +0
  state: conv+xformer    concat len   459090  vs GT   464085  delta -4995
  state: tconv+xformer   concat len   464085  vs GT   464085  delta +0
  state: ALL             concat len   464085  vs GT   464085  delta +0

  ALL-state FULL-SIGNAL NRMSE vs WHOLE = 2.8567e-02  (determinism floor 0.000e+00)
  transformer latents, chunked vs whole:  KV-cached NRMSE 5.7729e-03   |   no-cache NRMSE 0.2914

  COST (AC #2)
    conv + tconv state : 21 tensors, 282,944 bytes (276.3 KiB)
    KV cache observed  : 16 tensors, 2,326,528 bytes (2.22 MiB) [DynamicCache, unbounded growth]
    KV cache BOUNDED   : 2,359,296 bytes (2.25 MiB) if a sliding window-72 cache is used (8 layers x K,V x 16 heads x 64 dim)
    TOTAL per session  : 2.49 MiB observed / 2.52 MiB bounded
    decode time, 10 chunks: INDEP 162.9 ms  STREAM 114.7 ms  delta -48.3 ms (-29.6 %)  |  per chunk -4.83 ms

==============================================================================
l-021  frames=176  (14.08 s of audio)
==============================================================================
  WHOLE decode length = 337365  (1920*176 - 555 = 337365)
  determinism floor (whole vs whole, same input) NRMSE = 0.000e+00
  control: stream_forward as a single chunk vs WHOLE -> len 337365 vs 337365, NRMSE 0.000e+00
  INDEP per-chunk lengths (first 5): [47445, 47445, 47445, 47445, 47445] (1920*25-555 = 47445)
  ALL-state per-chunk lengths (first 5): [47445, 48000, 48000, 48000, 48000]  (1920*25 = 48000)

  arm                    seams  headNRMSE   maxNRMSE  corr med  corr min  aligNRMSE    lag delta
  INDEP (ships today)        7     1.2803     1.5396    0.7131    0.2648     0.8781  -131..1116 
  state: none                7     1.2803     1.5396    0.7131    0.2648     0.8781  -131..1116 
  state: conv                7     1.4794     1.7073    0.7342    0.1664     0.9424  -133..1172 
  state: tconv               7     1.1296    11.3957    0.3938    0.2390     1.0690  -595..1132 
  state: xformer             7     1.1898     1.5401    0.7520    0.6367     0.7916   344..1172 
  state: conv+tconv          7     0.3839     1.0443    0.9446    0.5723     0.3839    -1..124  
  state: conv+xformer        7     1.3872     1.7388    0.7399    0.1860     0.7222  -131..1171 
  state: tconv+xformer       7     0.9711     1.9906    0.8422    0.2334     0.7146    -2..251  
  state: ALL                 7     0.2662     0.3545    0.9846    0.9360     0.1795    -2..0    
  INDEP (ships today)    concat len   333480  vs GT   337365  delta -3885
  state: none            concat len   333480  vs GT   337365  delta -3885
  state: conv            concat len   333480  vs GT   337365  delta -3885
  state: tconv           concat len   337365  vs GT   337365  delta +0
  state: xformer         concat len   333480  vs GT   337365  delta -3885
  state: conv+tconv      concat len   337365  vs GT   337365  delta +0
  state: conv+xformer    concat len   333480  vs GT   337365  delta -3885
  state: tconv+xformer   concat len   337365  vs GT   337365  delta +0
  state: ALL             concat len   337365  vs GT   337365  delta +0

  ALL-state FULL-SIGNAL NRMSE vs WHOLE = 3.5349e-02  (determinism floor 0.000e+00)
  transformer latents, chunked vs whole:  KV-cached NRMSE 5.5355e-03   |   no-cache NRMSE 0.3081

  COST (AC #2)
    conv + tconv state : 21 tensors, 282,944 bytes (276.3 KiB)
    KV cache observed  : 16 tensors, 2,326,528 bytes (2.22 MiB) [DynamicCache, unbounded growth]
    KV cache BOUNDED   : 2,359,296 bytes (2.25 MiB) if a sliding window-72 cache is used (8 layers x K,V x 16 heads x 64 dim)
    TOTAL per session  : 2.49 MiB observed / 2.52 MiB bounded
    decode time, 8 chunks: INDEP 119.3 ms  STREAM 90.4 ms  delta -28.9 ms (-24.2 %)  |  per chunk -3.62 ms

==============================================================================
m-020  frames=47  (3.76 s of audio)
==============================================================================
  WHOLE decode length = 89685  (1920*47 - 555 = 89685)
  determinism floor (whole vs whole, same input) NRMSE = 0.000e+00
  control: stream_forward as a single chunk vs WHOLE -> len 89685 vs 89685, NRMSE 0.000e+00
  INDEP per-chunk lengths (first 5): [47445, 41685] (1920*25-555 = 47445)
  ALL-state per-chunk lengths (first 5): [47445, 42240]  (1920*25 = 48000)

  arm                    seams  headNRMSE   maxNRMSE  corr med  corr min  aligNRMSE    lag delta
  INDEP (ships today)        1     1.9718     1.9718    0.9537    0.9537     0.3252   557..557  
  state: none                1     1.9718     1.9718    0.9537    0.9537     0.3252   557..557  
  state: conv                1     2.1777     2.1777    0.9870    0.9870     0.1623   555..555  
  state: tconv               1     0.6033     0.6033    0.8044    0.8044     0.6088   119..119  
  state: xformer             1     1.9460     1.9460    0.9542    0.9542     0.3291   555..555  
  state: conv+tconv          1     0.2778     0.2778    0.9618    0.9618     0.2778     0..0    
  state: conv+xformer        1     2.1812     2.1812    0.9967    0.9967     0.0834   554..554  
  state: tconv+xformer       1     0.5548     0.5548    0.8322    0.8322     0.5548     0..0    
  state: ALL                 1     0.2129     0.2129    0.9773    0.9773     0.2129     0..0    
  INDEP (ships today)    concat len    89130  vs GT    89685  delta -555
  state: none            concat len    89130  vs GT    89685  delta -555
  state: conv            concat len    89130  vs GT    89685  delta -555
  state: tconv           concat len    89685  vs GT    89685  delta +0
  state: xformer         concat len    89130  vs GT    89685  delta -555
  state: conv+tconv      concat len    89685  vs GT    89685  delta +0
  state: conv+xformer    concat len    89130  vs GT    89685  delta -555
  state: tconv+xformer   concat len    89685  vs GT    89685  delta +0
  state: ALL             concat len    89685  vs GT    89685  delta +0

  ALL-state FULL-SIGNAL NRMSE vs WHOLE = 1.7497e-02  (determinism floor 0.000e+00)
  transformer latents, chunked vs whole:  KV-cached NRMSE 0.0000e+00   |   no-cache NRMSE 0.2117

  COST (AC #2)
    conv + tconv state : 21 tensors, 282,944 bytes (276.3 KiB)
    KV cache observed  : 16 tensors, 1,540,096 bytes (1.47 MiB) [DynamicCache, unbounded growth]
    KV cache BOUNDED   : 2,359,296 bytes (2.25 MiB) if a sliding window-72 cache is used (8 layers x K,V x 16 heads x 64 dim)
    TOTAL per session  : 1.74 MiB observed / 2.52 MiB bounded
    decode time, 2 chunks: INDEP 30.3 ms  STREAM 21.7 ms  delta -8.6 ms (-28.5 %)  |  per chunk -4.32 ms

==============================================================================
GO / NO-GO (thresholds fixed before the work, AC #1)
==============================================================================
  GO     : edge loss reaches zero AND head NRMSE < ~5 %
  NO-GO  : edge loss persists OR head NRMSE stays above ~15 %

  l-020:
    INDEP     head NRMSE 106.4%  corr 0.287/0.013  lag -951..+1176  len delta -4995
    ALL-state head NRMSE 25.83%  corr 0.9669/0.8936  lag -3..+389  len delta +0

  l-021:
    INDEP     head NRMSE 128.0%  corr 0.713/0.265  lag -131..+1116  len delta -3885
    ALL-state head NRMSE 26.62%  corr 0.9846/0.9360  lag -2..+0  len delta +0

  m-020:
    INDEP     head NRMSE 197.2%  corr 0.954/0.954  lag +557..+557  len delta -555
    ALL-state head NRMSE 21.29%  corr 0.9773/0.9773  lag +0..+0  len delta +0

wrote 20-5-state-cache-bench.json
