$ I:\MyVoiceV2\python310\python.exe I:\MyVoiceV2\tools\ttfa_spike_harness.py --utterance short --chunk-size 7 --runs 10 --warmup 1 --prime --out I:\MyVoiceV2\_bmad-output\implementation-artifacts\20-8-sweep-P-short-cs7.csv

== stdout ==
TTFA harness: utterance=short chunk_size=7 lookahead=0 (retired) precision=auto compile=auto runs=10 (+1 warmup)
  device=NVIDIA GeForce RTX 5090 vram=31.8GiB cap=12.0 torch=2.10.0+cu128

********
Warning: flash-attn is not installed. Will only run the manual PyTorch version. Please install flash-attn for faster inference.
********
 
[Tokenizer] Enabling streaming optimizations...
  use_compile=True, compile_mode=reduce-overhead
  use_cuda_graphs=True (manual)
[Decoder] Compiling forward with mode=reduce-overhead, backend=inductor...
[Decoder] Note: mode='reduce-overhead' includes CUDA graphs automatically
[Decoder] Compilation complete
[Tokenizer] Note: compile_mode='reduce-overhead' already includes CUDA graphs
[Tokenizer] Manual CUDA graph capture skipped (not needed)
[CodePredictor] Compiling model with mode=reduce-overhead...
  startup priming: ok in 8920ms; consumer chunks seen during priming = 0
  warmup: TTFA(post)=380ms [s1=79 s2=257 s3=45 s4=1 res=0] bracket=381 path=threshold ratio=0.544 chunks=4 gen=1101ms
  run 1: TTFA(post)=381ms [s1=77 s2=254 s3=50 s4=0 res=0] bracket=381 path=threshold ratio=0.54 chunks=4 gen=1267ms
  run 2: TTFA(post)=386ms [s1=79 s2=259 s3=48 s4=1 res=0] bracket=387 path=threshold ratio=0.535 chunks=4 gen=1231ms
  run 3: TTFA(post)=383ms [s1=78 s2=258 s3=46 s4=0 res=0] bracket=383 path=threshold ratio=0.551 chunks=4 gen=1247ms
  run 4: TTFA(post)=389ms [s1=76 s2=262 s3=51 s4=0 res=0] bracket=389 path=threshold ratio=0.604 chunks=4 gen=1404ms
  run 5: TTFA(post)=401ms [s1=76 s2=259 s3=65 s4=0 res=0] bracket=401 path=threshold ratio=0.557 chunks=5 gen=1453ms
  run 6: TTFA(post)=409ms [s1=82 s2=262 s3=65 s4=0 res=0] bracket=409 path=threshold ratio=0.551 chunks=4 gen=1349ms
  run 7: TTFA(post)=399ms [s1=79 s2=259 s3=61 s4=1 res=0] bracket=399 path=threshold ratio=0.556 chunks=5 gen=1416ms
  run 8: TTFA(post)=396ms [s1=81 s2=262 s3=52 s4=1 res=0] bracket=397 path=threshold ratio=0.532 chunks=4 gen=1258ms
  run 9: TTFA(post)=400ms [s1=80 s2=263 s3=56 s4=1 res=0] bracket=400 path=threshold ratio=0.562 chunks=5 gen=1551ms
  run 10: TTFA(post)=385ms [s1=77 s2=257 s3=51 s4=0 res=0] bracket=385 path=threshold ratio=0.55 chunks=5 gen=1635ms

Wrote 11 rows -> I:\MyVoiceV2\_bmad-output\implementation-artifacts\20-8-sweep-P-short-cs7.csv
{
  "seg1_prefill_ms": {
    "n": 10,
    "median": 78.5968017578125,
    "p95_interpolated": 81.467236328125,
    "min": 76.203857421875,
    "max": 81.565673828125
  },
  "seg1a_dispatch_overhead_ms": {
    "n": 10,
    "median": 0.755126953125,
    "p95_interpolated": 1.016455078125,
    "min": 0.503173828125,
    "max": 1.017333984375
  },
  "seg1b_prompt_encode_ms": {
    "n": 10,
    "median": 77.8365478515625,
    "p95_interpolated": 80.45430908203124,
    "min": 75.1884765625,
    "max": 80.5517578125
  },
  "seg2_talker_to_first_chunk_ms": {
    "n": 10,
    "median": 259.4305419921875,
    "p95_interpolated": 262.9015625,
    "min": 253.850341796875,
    "max": 263.25927734375
  },
  "seg3_first_decode_ms": {
    "n": 10,
    "median": 51.595703125,
    "p95_interpolated": 65.0698486328125,
    "min": 46.43701171875,
    "max": 65.360107421875
  },
  "seg4_consumer_cushion_ms": {
    "n": 10,
    "median": 0.0,
    "p95_interpolated": 1.00308837890625,
    "min": 0.0,
    "max": 1.00341796875
  },
  "residual_post_ms": {
    "n": 10,
    "median": 0.0,
    "p95_interpolated": 0.0,
    "min": 0.0,
    "max": 0.0
  },
  "measured_t0_to_post_ms": {
    "n": 10,
    "median": 392.4556884765625,
    "p95_interpolated": 405.01894531249997,
    "min": 380.697021484375,
    "max": 408.544677734375
  },
  "first_chunk_latency_ms": {
    "n": 10,
    "median": 392.45569705963135,
    "p95_interpolated": 405.01906871795654,
    "min": 380.69701194763184,
    "max": 408.54477882385254
  },
  "reconcile_error_pct": {
    "n": 10,
    "median": 0.0,
    "p95_interpolated": 0.0,
    "min": 0.0,
    "max": 0.0
  },
  "independent_ttfa_bracket_ms": {
    "n": 10,
    "median": 393.02725001471117,
    "p95_interpolated": 405.12806001934223,
    "min": 380.84810005966574,
    "max": 408.6943999864161
  },
  "bracket_slack_ms": {
    "n": 10,
    "median": 0.1558354045264423,
    "p95_interpolated": 0.6976450759917497,
    "min": 0.0054975757375359535,
    "max": 0.7273145103827119
  },
  "producer_ratio": {
    "n": 10,
    "median": 0.5507389613560267,
    "p95_interpolated": 0.5852389417375836,
    "min": 0.5320595877511161,
    "max": 0.6040762765066964
  },
  "producer_rate_P": {
    "n": 10,
    "median": 1.8157422707479944,
    "p95_interpolated": 1.8743714578090793,
    "min": 1.6554200833425954,
    "max": 1.8794887321300835
  },
  "median_decode_chunk_ms": {
    "n": 10,
    "median": 37.647649965947494,
    "p95_interpolated": 46.9375749991741,
    "min": 33.48760004155338,
    "max": 47.77975002070889
  },
  "median_chunk_audio_ms": {
    "n": 10,
    "median": 560.0,
    "p95_interpolated": 560.0,
    "min": 560.0,
    "max": 560.0
  },
  "total_audio_ms": {
    "n": 10,
    "median": 2216.875,
    "p95_interpolated": 2668.8749999999995,
    "min": 2056.875,
    "max": 2776.875
  },
  "generation_wall_ms": {
    "n": 10,
    "median": 1376.2705326080322,
    "p95_interpolated": 1597.4633574485779,
    "min": 1230.8297157287598,
    "max": 1635.15043258667
  }
}

== stderr ==
'sox' is not recognized as an internal or external command,
operable program or batch file.
WARNING:sox:SoX could not be found!

    If you do not have SoX, proceed here:
     - - - http://sox.sourceforge.net/ - - -

    If you do (or think that you should) have SoX, double-check your
    path variables.
    
`torch_dtype` is deprecated! Use `dtype` instead!

Fetching 4 files:   0%|          | 0/4 [00:00<?, ?it/s]
Fetching 4 files: 100%|##########| 4/4 [00:00<?, ?it/s]
Setting `pad_token_id` to `eos_token_id`:2150 for open-end generation.
CUDAGraph supports dynamic shapes by recording a new graph for each distinct input size. Recording too many CUDAGraphs may lead to extra overhead. We have observed 9 distinct sizes. Please consider the following options for better performance: a) padding inputs to a few fixed number of shapes; or b) set torch._inductor.config.triton.cudagraph_skip_dynamic_graphs=True. Set torch._inductor.config.triton.cudagraph_dynamic_shape_warn_limit=None to silence this warning.
Setting `pad_token_id` to `eos_token_id`:2150 for open-end generation.
Setting `pad_token_id` to `eos_token_id`:2150 for open-end generation.
Setting `pad_token_id` to `eos_token_id`:2150 for open-end generation.
Setting `pad_token_id` to `eos_token_id`:2150 for open-end generation.
Setting `pad_token_id` to `eos_token_id`:2150 for open-end generation.
Setting `pad_token_id` to `eos_token_id`:2150 for open-end generation.
Setting `pad_token_id` to `eos_token_id`:2150 for open-end generation.
Setting `pad_token_id` to `eos_token_id`:2150 for open-end generation.
Setting `pad_token_id` to `eos_token_id`:2150 for open-end generation.
Setting `pad_token_id` to `eos_token_id`:2150 for open-end generation.
Setting `pad_token_id` to `eos_token_id`:2150 for open-end generation.
