'sox' is not recognized as an internal or external command,
operable program or batch file.
SoX could not be found!

    If you do not have SoX, proceed here:
     - - - http://sox.sourceforge.net/ - - -

    If you do (or think that you should) have SoX, double-check your
    path variables.
    

********
Warning: flash-attn is not installed. Will only run the manual PyTorch version. Please install flash-attn for faster inference.
********
 
  host: {"device": "NVIDIA GeForce RTX 5090", "torch": "2.10.0+cu128", "capability": "12.0", "tf32_matmul": false, "cudnn_benchmark": false, "cudnn_deterministic": false}
`torch_dtype` is deprecated! Use `dtype` instead!
Fetching 4 files:   0%|          | 0/4 [00:00<?, ?it/s]Fetching 4 files: 100%|##########| 4/4 [00:00<?, ?it/s]
Setting `pad_token_id` to `eos_token_id`:2150 for open-end generation.
CUDAGraph supports dynamic shapes by recording a new graph for each distinct input size. Recording too many CUDAGraphs may lead to extra overhead. We have observed 9 distinct sizes. Please consider the following options for better performance: a) padding inputs to a few fixed number of shapes; or b) set torch._inductor.config.triton.cudagraph_skip_dynamic_graphs=True. Set torch._inductor.config.triton.cudagraph_dynamic_shape_warn_limit=None to silence this warning.
[Tokenizer] Enabling streaming optimizations...
  use_compile=True, compile_mode=reduce-overhead
  use_cuda_graphs=True (manual)
[Decoder] Compiling forward with mode=reduce-overhead, backend=inductor...
[Decoder] Note: mode='reduce-overhead' includes CUDA graphs automatically
[Decoder] Compilation complete
[Tokenizer] Note: compile_mode='reduce-overhead' already includes CUDA graphs
[Tokenizer] Manual CUDA graph capture skipped (not needed)
[CodePredictor] Compiling model with mode=reduce-overhead...
  priming done

=== seed 1234 ===
Setting `pad_token_id` to `eos_token_id`:2150 for open-end generation.
  live cs25#0    244 frames   10 chunks  22.1s
Setting `pad_token_id` to `eos_token_id`:2150 for open-end generation.
  live cs25#1    244 frames   10 chunks  21.9s
Setting `pad_token_id` to `eos_token_id`:2150 for open-end generation.
  live cs7#2     244 frames   35 chunks  22.5s
Setting `pad_token_id` to `eos_token_id`:2150 for open-end generation.
  live cs10#3    244 frames   25 chunks  20.8s
  offline cs25   10 chunks (x2)
  offline cs7    35 chunks (x2)
  offline cs10   25 chunks (x2)
{
  "tokens": {
    "c_seeded_determinism_cs25_vs_cs25": {
      "identical": true,
      "shape": [
        244,
        16
      ]
    },
    "b_invariance_cs25_vs_cs7": {
      "identical": true,
      "shape": [
        244,
        16
      ]
    },
    "b_invariance_cs25_vs_cs10": {
      "identical": true,
      "shape": [
        244,
        16
      ]
    },
    "resplit_reproduces_capture": true
  },
  "audio": {
    "a_control_decode_determinism_cs25": {
      "len_a": 467925,
      "len_b": 467925,
      "bit_exact": true
    },
    "a_control_decode_determinism_cs7": {
      "len_a": 467925,
      "len_b": 467925,
      "bit_exact": true
    },
    "a_control_decode_determinism_cs10": {
      "len_a": 467925,
      "len_b": 467925,
      "bit_exact": true
    },
    "consumer_crossfade_samples_used": 0,
    "a_same_geometry_pcm_cs25": {
      "len_a": 467925,
      "len_b": 467925,
      "bit_exact": true
    },
    "a_same_geometry_buffer_bytes_cs25": {
      "len_a": 467925,
      "len_b": 467925,
      "bit_exact": true
    },
    "a_cross_geometry_pcm_cs7": {
      "len_a": 467925,
      "len_b": 467925,
      "bit_exact": true
    },
    "a_cross_geometry_buffer_bytes_cs7": {
      "len_a": 467925,
      "len_b": 467925,
      "bit_exact": true
    },
    "a_cross_geometry_pcm_cs10": {
      "len_a": 467925,
      "len_b": 467925,
      "bit_exact": true
    },
    "a_cross_geometry_buffer_bytes_cs10": {
      "len_a": 467925,
      "len_b": 467925,
      "bit_exact": true
    }
  }
}

=== seed 99991 ===
Setting `pad_token_id` to `eos_token_id`:2150 for open-end generation.
  live cs25#0    252 frames   11 chunks  22.6s
Setting `pad_token_id` to `eos_token_id`:2150 for open-end generation.
  live cs25#1    252 frames   11 chunks  21.3s
Setting `pad_token_id` to `eos_token_id`:2150 for open-end generation.
  live cs7#2     252 frames   36 chunks  21.5s
Setting `pad_token_id` to `eos_token_id`:2150 for open-end generation.
  live cs10#3    252 frames   26 chunks  21.5s
  offline cs25   11 chunks (x2)
  offline cs7    36 chunks (x2)
  offline cs10   26 chunks (x2)
{
  "tokens": {
    "c_seeded_determinism_cs25_vs_cs25": {
      "identical": true,
      "shape": [
        252,
        16
      ]
    },
    "b_invariance_cs25_vs_cs7": {
      "identical": true,
      "shape": [
        252,
        16
      ]
    },
    "b_invariance_cs25_vs_cs10": {
      "identical": true,
      "shape": [
        252,
        16
      ]
    },
    "resplit_reproduces_capture": true
  },
  "audio": {
    "a_control_decode_determinism_cs25": {
      "len_a": 483285,
      "len_b": 483285,
      "bit_exact": false,
      "differing_samples": 529,
      "differing_pct": 0.1095,
      "first_differing_sample": 479832,
      "max_abs_diff": 0.00048828125,
      "nrmse": 3.2728752796360285e-05
    },
    "a_control_decode_determinism_cs7": {
      "len_a": 483285,
      "len_b": 483285,
      "bit_exact": true
    },
    "a_control_decode_determinism_cs10": {
      "len_a": 483285,
      "len_b": 483285,
      "bit_exact": false,
      "differing_samples": 787,
      "differing_pct": 0.1628,
      "first_differing_sample": 479829,
      "max_abs_diff": 0.0006103515625,
      "nrmse": 5.313501069791082e-05
    },
    "consumer_crossfade_samples_used": 0,
    "a_same_geometry_pcm_cs25": {
      "len_a": 483285,
      "len_b": 483285,
      "bit_exact": false,
      "differing_samples": 544,
      "differing_pct": 0.1126,
      "first_differing_sample": 479836,
      "max_abs_diff": 0.00048828125,
      "nrmse": 3.377551107205782e-05
    },
    "a_same_geometry_buffer_bytes_cs25": {
      "len_a": 483285,
      "len_b": 483285,
      "bit_exact": false,
      "differing_samples": 229,
      "differing_pct": 0.0474,
      "first_differing_sample": 479836,
      "max_abs_diff": 16.0,
      "nrmse": 3.3627958666906996e-05
    },
    "a_cross_geometry_pcm_cs7": {
      "len_a": 483285,
      "len_b": 483285,
      "bit_exact": true
    },
    "a_cross_geometry_buffer_bytes_cs7": {
      "len_a": 483285,
      "len_b": 483285,
      "bit_exact": true
    },
    "a_cross_geometry_pcm_cs10": {
      "len_a": 483285,
      "len_b": 483285,
      "bit_exact": false,
      "differing_samples": 572,
      "differing_pct": 0.1184,
      "first_differing_sample": 479829,
      "max_abs_diff": 0.00048828125,
      "nrmse": 3.761740572279967e-05
    },
    "a_cross_geometry_buffer_bytes_cs10": {
      "len_a": 483285,
      "len_b": 483285,
      "bit_exact": false,
      "differing_samples": 252,
      "differing_pct": 0.0521,
      "first_differing_sample": 479829,
      "max_abs_diff": 16.0,
      "nrmse": 3.760622842456167e-05
    }
  }
}

wrote 20-8-onetalker-viability.json
