$ I:\MyVoiceV2\python310\python.exe I:\MyVoiceV2\tools\ttfa_spike_harness.py --utterance long --chunk-size 25 --runs 10 --warmup 1 --prime --out I:\MyVoiceV2\_bmad-output\implementation-artifacts\20-8-sweep-B-long-cs25.csv

== stdout ==
TTFA harness: utterance=long chunk_size=25 lookahead=0 (retired) precision=auto compile=auto runs=10 (+1 warmup)
  device=NVIDIA GeForce RTX 5090 vram=31.8GiB cap=12.0 torch=2.10.0+cu128

********
Warning: flash-attn is not installed. Will only run the manual PyTorch version. Please install flash-attn for faster inference.
********
 
[Tokenizer] Enabling streaming optimizations...
  use_compile=True, compile_mode=reduce-overhead
  use_cuda_graphs=True (manual)
[Decoder] Compiling forward with mode=reduce-overhead, backend=inductor...
[Decoder] Note: mode='reduce-overhead' includes CUDA graphs automatically
[Decoder] Compilation complete
[Tokenizer] Note: compile_mode='reduce-overhead' already includes CUDA graphs
[Tokenizer] Manual CUDA graph capture skipped (not needed)
[CodePredictor] Compiling model with mode=reduce-overhead...
  startup priming: ok in 8714ms; consumer chunks seen during priming = 0
  warmup: TTFA(post)=1197ms [s1=78 s2=1064 s3=56 s4=1 res=0] bracket=1198 path=threshold ratio=0.551 chunks=10 gen=10466ms
  run 1: TTFA(post)=1186ms [s1=81 s2=1054 s3=51 s4=0 res=0] bracket=1186 path=threshold ratio=0.551 chunks=10 gen=10693ms
  run 2: TTFA(post)=1153ms [s1=78 s2=1029 s3=46 s4=0 res=0] bracket=1153 path=threshold ratio=0.543 chunks=10 gen=10597ms
  run 3: TTFA(post)=1191ms [s1=81 s2=1063 s3=48 s4=1 res=0] bracket=1191 path=threshold ratio=0.549 chunks=10 gen=11074ms
  run 4: TTFA(post)=1183ms [s1=79 s2=1052 s3=53 s4=1 res=0] bracket=1184 path=threshold ratio=0.549 chunks=10 gen=10944ms
  run 5: TTFA(post)=1178ms [s1=77 s2=1044 s3=57 s4=1 res=0] bracket=1179 path=threshold ratio=0.545 chunks=11 gen=11237ms
  run 6: TTFA(post)=1202ms [s1=80 s2=1064 s3=58 s4=0 res=0] bracket=1202 path=threshold ratio=0.553 chunks=10 gen=11169ms
  run 7: TTFA(post)=1175ms [s1=78 s2=1047 s3=50 s4=0 res=0] bracket=1175 path=threshold ratio=0.557 chunks=10 gen=10984ms
  run 8: TTFA(post)=1183ms [s1=82 s2=1055 s3=45 s4=1 res=0] bracket=1184 path=threshold ratio=0.539 chunks=10 gen=10741ms
  run 9: TTFA(post)=1156ms [s1=79 s2=1031 s3=46 s4=0 res=0] bracket=1156 path=threshold ratio=0.542 chunks=10 gen=10904ms
  run 10: TTFA(post)=1172ms [s1=80 s2=1043 s3=49 s4=0 res=0] bracket=1172 path=threshold ratio=0.54 chunks=10 gen=10733ms

Wrote 11 rows -> I:\MyVoiceV2\_bmad-output\implementation-artifacts\20-8-sweep-B-long-cs25.csv
{
  "seg1_prefill_ms": {
    "n": 10,
    "median": 79.28564453125,
    "p95_interpolated": 81.87503662109376,
    "min": 77.064208984375,
    "max": 82.4521484375
  },
  "seg1a_dispatch_overhead_ms": {
    "n": 10,
    "median": 1.0028076171875,
    "p95_interpolated": 1.015966796875,
    "min": 0.502685546875,
    "max": 1.016845703125
  },
  "seg1b_prompt_encode_ms": {
    "n": 10,
    "median": 78.4195556640625,
    "p95_interpolated": 81.28994140625,
    "min": 76.061279296875,
    "max": 81.946044921875
  },
  "seg2_talker_to_first_chunk_ms": {
    "n": 10,
    "median": 1049.304931640625,
    "p95_interpolated": 1063.3629150390625,
    "min": 1029.027099609375,
    "max": 1064.058349609375
  },
  "seg3_first_decode_ms": {
    "n": 10,
    "median": 49.8426513671875,
    "p95_interpolated": 57.713818359375,
    "min": 45.426513671875,
    "max": 57.92431640625
  },
  "seg4_consumer_cushion_ms": {
    "n": 10,
    "median": 0.0,
    "p95_interpolated": 1.00286865234375,
    "min": 0.0,
    "max": 1.00341796875
  },
  "residual_post_ms": {
    "n": 10,
    "median": 0.0,
    "p95_interpolated": 0.0,
    "min": 0.0,
    "max": 0.0
  },
  "measured_t0_to_post_ms": {
    "n": 10,
    "median": 1180.685302734375,
    "p95_interpolated": 1197.1904663085938,
    "min": 1153.13916015625,
    "max": 1201.9951171875
  },
  "first_chunk_latency_ms": {
    "n": 10,
    "median": 1180.6854009628296,
    "p95_interpolated": 1197.1903085708618,
    "min": 1153.139352798462,
    "max": 1201.9948959350586
  },
  "reconcile_error_pct": {
    "n": 10,
    "median": 0.0,
    "p95_interpolated": 0.0,
    "min": 0.0,
    "max": 0.0
  },
  "independent_ttfa_bracket_ms": {
    "n": 10,
    "median": 1181.2966499710456,
    "p95_interpolated": 1197.1919149975292,
    "min": 1153.076299931854,
    "max": 1201.928299968131
  },
  "bracket_slack_ms": {
    "n": 10,
    "median": -0.04379514558240771,
    "p95_interpolated": 0.7862503929063678,
    "min": -0.11610273271799088,
    "max": 0.789428886026144
  },
  "producer_ratio": {
    "n": 10,
    "median": 0.5469253540039063,
    "p95_interpolated": 0.5554678955078125,
    "min": 0.539410888671875,
    "max": 0.5573740234375
  },
  "producer_rate_P": {
    "n": 10,
    "median": 1.8284223819027363,
    "p95_interpolated": 1.8536504833045997,
    "min": 1.7941273865486,
    "max": 1.8538743303127914
  },
  "median_decode_chunk_ms": {
    "n": 10,
    "median": 32.165324984816834,
    "p95_interpolated": 39.03460999135859,
    "min": 29.85934994649142,
    "max": 39.3447499955073
  },
  "median_chunk_audio_ms": {
    "n": 10,
    "median": 2000.0,
    "p95_interpolated": 2000.0,
    "min": 2000.0,
    "max": 2000.0
  },
  "total_audio_ms": {
    "n": 10,
    "median": 19656.875,
    "p95_interpolated": 20020.875,
    "min": 19176.875,
    "max": 20056.875
  },
  "generation_wall_ms": {
    "n": 10,
    "median": 10923.84660243988,
    "p95_interpolated": 11206.253552436829,
    "min": 10596.97413444519,
    "max": 11237.066984176636
  }
}

== stderr ==
'sox' is not recognized as an internal or external command,
operable program or batch file.
WARNING:sox:SoX could not be found!

    If you do not have SoX, proceed here:
     - - - http://sox.sourceforge.net/ - - -

    If you do (or think that you should) have SoX, double-check your
    path variables.
    
`torch_dtype` is deprecated! Use `dtype` instead!

Fetching 4 files:   0%|          | 0/4 [00:00<?, ?it/s]
Fetching 4 files: 100%|##########| 4/4 [00:00<?, ?it/s]
Setting `pad_token_id` to `eos_token_id`:2150 for open-end generation.
CUDAGraph supports dynamic shapes by recording a new graph for each distinct input size. Recording too many CUDAGraphs may lead to extra overhead. We have observed 9 distinct sizes. Please consider the following options for better performance: a) padding inputs to a few fixed number of shapes; or b) set torch._inductor.config.triton.cudagraph_skip_dynamic_graphs=True. Set torch._inductor.config.triton.cudagraph_dynamic_shape_warn_limit=None to silence this warning.
Setting `pad_token_id` to `eos_token_id`:2150 for open-end generation.
Setting `pad_token_id` to `eos_token_id`:2150 for open-end generation.
Setting `pad_token_id` to `eos_token_id`:2150 for open-end generation.
Setting `pad_token_id` to `eos_token_id`:2150 for open-end generation.
Setting `pad_token_id` to `eos_token_id`:2150 for open-end generation.
Setting `pad_token_id` to `eos_token_id`:2150 for open-end generation.
Setting `pad_token_id` to `eos_token_id`:2150 for open-end generation.
Setting `pad_token_id` to `eos_token_id`:2150 for open-end generation.
Setting `pad_token_id` to `eos_token_id`:2150 for open-end generation.
Setting `pad_token_id` to `eos_token_id`:2150 for open-end generation.
Setting `pad_token_id` to `eos_token_id`:2150 for open-end generation.
