$ I:\MyVoiceV2\python310\python.exe I:\MyVoiceV2\tools\ttfa_spike_harness.py --utterance short --chunk-size 10 --runs 10 --warmup 1 --prime --out I:\MyVoiceV2\_bmad-output\implementation-artifacts\20-8-sweep-P-short-cs10.csv

== stdout ==
TTFA harness: utterance=short chunk_size=10 lookahead=0 (retired) precision=auto compile=auto runs=10 (+1 warmup)
  device=NVIDIA GeForce RTX 5090 vram=31.8GiB cap=12.0 torch=2.10.0+cu128

********
Warning: flash-attn is not installed. Will only run the manual PyTorch version. Please install flash-attn for faster inference.
********
 
[Tokenizer] Enabling streaming optimizations...
  use_compile=True, compile_mode=reduce-overhead
  use_cuda_graphs=True (manual)
[Decoder] Compiling forward with mode=reduce-overhead, backend=inductor...
[Decoder] Note: mode='reduce-overhead' includes CUDA graphs automatically
[Decoder] Compilation complete
[Tokenizer] Note: compile_mode='reduce-overhead' already includes CUDA graphs
[Tokenizer] Manual CUDA graph capture skipped (not needed)
[CodePredictor] Compiling model with mode=reduce-overhead...
  startup priming: ok in 9037ms; consumer chunks seen during priming = 0
  warmup: TTFA(post)=531ms [s1=79 s2=393 s3=58 s4=0 res=0] bracket=531 path=threshold ratio=0.544 chunks=4 gen=1500ms
  run 1: TTFA(post)=512ms [s1=76 s2=391 s3=46 s4=1 res=0] bracket=513 path=threshold ratio=0.542 chunks=4 gen=1460ms
  run 2: TTFA(post)=513ms [s1=76 s2=385 s3=51 s4=1 res=0] bracket=514 path=threshold ratio=0.465 chunks=3 gen=1253ms
  run 3: TTFA(post)=531ms [s1=80 s2=404 s3=47 s4=0 res=0] bracket=531 path=threshold ratio=0.551 chunks=4 gen=1486ms
  run 4: TTFA(post)=516ms [s1=78 s2=391 s3=48 s4=1 res=0] bracket=517 path=threshold ratio=0.538 chunks=4 gen=1557ms
  run 5: TTFA(post)=507ms [s1=78 s2=383 s3=46 s4=1 res=0] bracket=507 path=threshold ratio=0.529 chunks=4 gen=1498ms
  run 6: TTFA(post)=514ms [s1=75 s2=393 s3=46 s4=1 res=0] bracket=515 path=threshold ratio=0.537 chunks=4 gen=1451ms
  run 7: TTFA(post)=509ms [s1=76 s2=387 s3=46 s4=0 res=0] bracket=509 path=threshold ratio=0.535 chunks=3 gen=1368ms
  run 8: TTFA(post)=519ms [s1=83 s2=390 s3=46 s4=0 res=0] bracket=519 path=threshold ratio=0.548 chunks=3 gen=1390ms
  run 9: TTFA(post)=522ms [s1=77 s2=388 s3=57 s4=1 res=0] bracket=522 path=threshold ratio=0.539 chunks=4 gen=1470ms
  run 10: TTFA(post)=532ms [s1=76 s2=394 s3=62 s4=1 res=0] bracket=533 path=threshold ratio=0.363 chunks=3 gen=1113ms

Wrote 11 rows -> I:\MyVoiceV2\_bmad-output\implementation-artifacts\20-8-sweep-P-short-cs10.csv
{
  "seg1_prefill_ms": {
    "n": 10,
    "median": 76.4866943359375,
    "p95_interpolated": 81.61397705078124,
    "min": 75.33740234375,
    "max": 82.913330078125
  },
  "seg1a_dispatch_overhead_ms": {
    "n": 10,
    "median": 0.5032958984375,
    "p95_interpolated": 1.00977783203125,
    "min": 0.502685546875,
    "max": 1.015380859375
  },
  "seg1b_prompt_encode_ms": {
    "n": 10,
    "median": 75.983642578125,
    "p95_interpolated": 81.11080322265624,
    "min": 74.827880859375,
    "max": 82.41015625
  },
  "seg2_talker_to_first_chunk_ms": {
    "n": 10,
    "median": 390.42138671875,
    "p95_interpolated": 399.5372802734375,
    "min": 383.063720703125,
    "max": 404.20361328125
  },
  "seg3_first_decode_ms": {
    "n": 10,
    "median": 46.8050537109375,
    "p95_interpolated": 60.183557128906244,
    "min": 45.752197265625,
    "max": 62.39697265625
  },
  "seg4_consumer_cushion_ms": {
    "n": 10,
    "median": 0.7530517578125,
    "p95_interpolated": 1.0031982421875,
    "min": 0.0,
    "max": 1.00341796875
  },
  "residual_post_ms": {
    "n": 10,
    "median": 0.0,
    "p95_interpolated": 0.0,
    "min": 0.0,
    "max": 0.0
  },
  "measured_t0_to_post_ms": {
    "n": 10,
    "median": 515.4044189453125,
    "p95_interpolated": 531.6744995117188,
    "min": 506.717529296875,
    "max": 531.9365234375
  },
  "first_chunk_latency_ms": {
    "n": 10,
    "median": 515.4043436050415,
    "p95_interpolated": 531.6745162010193,
    "min": 506.7174434661865,
    "max": 531.9364070892334
  },
  "reconcile_error_pct": {
    "n": 10,
    "median": 0.0,
    "p95_interpolated": 0.0,
    "min": 0.0,
    "max": 0.0
  },
  "independent_ttfa_bracket_ms": {
    "n": 10,
    "median": 516.1498000379652,
    "p95_interpolated": 531.9991849712096,
    "min": 507.39789998624474,
    "max": 532.5206000125036
  },
  "bracket_slack_ms": {
    "n": 10,
    "median": 0.419442783575505,
    "p95_interpolated": 0.8192707228008658,
    "min": -0.02443363144993782,
    "max": 0.834885829128325
  },
  "producer_ratio": {
    "n": 10,
    "median": 0.5375299072265625,
    "p95_interpolated": 0.5499349017965383,
    "min": 0.36340758769322234,
    "max": 0.5512335205078125
  },
  "producer_rate_P": {
    "n": 10,
    "median": 1.8603654688591846,
    "p95_interpolated": 2.480797676373037,
    "min": 1.8141131894133917,
    "max": 2.7517312072310656
  },
  "median_decode_chunk_ms": {
    "n": 10,
    "median": 41.0233500006143,
    "p95_interpolated": 56.10228502191602,
    "min": 36.657749966252595,
    "max": 61.86620006337762
  },
  "median_chunk_audio_ms": {
    "n": 10,
    "median": 800.0,
    "p95_interpolated": 800.0,
    "min": 788.4375,
    "max": 800.0
  },
  "total_audio_ms": {
    "n": 10,
    "median": 2456.875,
    "p95_interpolated": 2544.875,
    "min": 1816.875,
    "max": 2616.875
  },
  "generation_wall_ms": {
    "n": 10,
    "median": 1455.5413722991943,
    "p95_interpolated": 1530.1325917243958,
    "min": 1113.0149364471436,
    "max": 1556.5314292907715
  }
}

== stderr ==
'sox' is not recognized as an internal or external command,
operable program or batch file.
WARNING:sox:SoX could not be found!

    If you do not have SoX, proceed here:
     - - - http://sox.sourceforge.net/ - - -

    If you do (or think that you should) have SoX, double-check your
    path variables.
    
`torch_dtype` is deprecated! Use `dtype` instead!

Fetching 4 files:   0%|          | 0/4 [00:00<?, ?it/s]
Fetching 4 files: 100%|##########| 4/4 [00:00<?, ?it/s]
Setting `pad_token_id` to `eos_token_id`:2150 for open-end generation.
CUDAGraph supports dynamic shapes by recording a new graph for each distinct input size. Recording too many CUDAGraphs may lead to extra overhead. We have observed 9 distinct sizes. Please consider the following options for better performance: a) padding inputs to a few fixed number of shapes; or b) set torch._inductor.config.triton.cudagraph_skip_dynamic_graphs=True. Set torch._inductor.config.triton.cudagraph_dynamic_shape_warn_limit=None to silence this warning.
Setting `pad_token_id` to `eos_token_id`:2150 for open-end generation.
Setting `pad_token_id` to `eos_token_id`:2150 for open-end generation.
Setting `pad_token_id` to `eos_token_id`:2150 for open-end generation.
Setting `pad_token_id` to `eos_token_id`:2150 for open-end generation.
Setting `pad_token_id` to `eos_token_id`:2150 for open-end generation.
Setting `pad_token_id` to `eos_token_id`:2150 for open-end generation.
Setting `pad_token_id` to `eos_token_id`:2150 for open-end generation.
Setting `pad_token_id` to `eos_token_id`:2150 for open-end generation.
Setting `pad_token_id` to `eos_token_id`:2150 for open-end generation.
Setting `pad_token_id` to `eos_token_id`:2150 for open-end generation.
Setting `pad_token_id` to `eos_token_id`:2150 for open-end generation.
