=== AFTER ===
PASSED      2921
FAILED      49
ERRORS      5
HUNG FILES  0

--- HUNG files ---

--- FAILED node ids (sorted, for the identity diff) ---
FAILED tests/integration/test_emotion_tts_integration.py::TestEmotionPresetInstruct::test_emotion_preset_instructs_match_qwen_service
FAILED tests/integration/test_emotion_tts_integration.py::TestQwenTTSServiceEmotionIntegration::test_qwen_service_emotions_have_instructs
FAILED tests/integration/test_emotion_variants_workflow.py::TestMetadataVersioning::test_generate_v2_metadata
FAILED tests/integration/test_session_lifecycle.py::TestAudioChunkPayloadStability::test_audio_chunk_field_set_unchanged
FAILED tests/services/api_server/test_origin_gating.py::test_gui_session_reaches_device_and_is_not_published
FAILED tests/services/test_optimized_voice.py::TestModelRegistryCheckpointLoading::test_checkpoint_path_tracked
FAILED tests/services/test_optimized_voice.py::TestVoiceTypeOptimized::test_optimized_sort_order
FAILED tests/services/test_voice_profile_manager.py::TestVoiceProfileManagerInit::test_init_with_defaults
FAILED tests/ui/test_settings_dialog_clear_comms_tab.py::TestClearCommsTabPresence::test_clear_comms_tab_is_last
FAILED tests/ui/test_settings_dialog_clear_comms_tab.py::TestClearCommsTabPresence::test_clear_comms_tab_widget_is_panel_instance
FAILED tests/ui/test_system_tray_integration.py::TestAppSettingsTrayFields::test_minimize_to_tray_default_is_true
FAILED tests/ui/test_voice_library_widget.py::TestVoiceLibraryWidgetInit::test_clone_button_exists
FAILED tests/ui/test_voice_library_widget.py::TestVoiceLibraryWidgetSignals::test_clone_button_emits_signal
FAILED tests/ui/test_voice_library_widget.py::TestVoiceLibraryWidgetSignals::test_clone_voice_requested_signal_exists
FAILED tests/ui/test_voice_library_widget.py::TestVoiceLibraryWidgetSignals::test_design_button_emits_signal
FAILED tests/unit/ui/dialogs/voice_design_studio/test_sample_path_panel.py::TestExtractVisibility::test_extract_visible_after_file_load
FAILED tests/unit/ui/dialogs/voice_design_studio/test_sample_path_panel.py::TestExtractionComplete::test_set_extraction_complete_shows_preview
FAILED tests/unit/ui/dialogs/voice_design_studio/test_sample_path_panel.py::TestExtractionError::test_set_extraction_error_shows_retry
FAILED tests/unit/ui/dialogs/voice_design_studio/test_sample_path_panel.py::TestExtractionState::test_set_extracting_shows_progress
FAILED tests/unit/ui/dialogs/voice_design_studio/test_sample_path_panel.py::TestReExtractionClear::test_clear_hides_modified_indicator
FAILED tests/unit/ui/dialogs/voice_design_studio/test_sample_path_panel.py::TestTranscriptModifiedIndicator::test_modified_indicator_after_transcript_change
FAILED tests/unit/ui/dialogs/voice_design_studio/test_sample_path_panel.py::TestTranscriptModifiedIndicator::test_modified_indicator_false_when_reverted
FAILED tests/unit/ui/dialogs/voice_design_studio/test_sample_path_panel.py::TestTranscriptModifiedIndicator::test_modified_indicator_hidden_after_re_extraction
FAILED tests/unit/ui/dialogs/voice_design_studio/test_sample_path_panel.py::TestTranscriptVisibility::test_transcript_visible_after_file_load
FAILED tests/unit/ui/dialogs/voice_design_studio/test_sample_path_panel.py::TestTranscriptionError::test_set_transcription_error_shows_retry
FAILED tests/unit/ui/dialogs/voice_design_studio/test_sample_path_panel.py::TestTranscriptionState::test_set_transcribing_shows_progress
FAILED tests/unit/ui/dialogs/voice_design_studio/test_voice_design_studio_dialog.py::TestSampleTab::test_sample_panel_exists
FAILED tests/unit/ui/dialogs/voice_design_studio/test_voice_design_studio_dialog.py::TestSampleTab::test_sample_panel_is_sample_path_panel
FAILED tests/unit/ui/dialogs/voice_design_studio/test_voice_design_studio_dialog.py::TestSampleTab::test_sample_tab_has_browse_button
FAILED tests/unit/ui/dialogs/voice_design_studio/test_voice_design_studio_dialog.py::TestSampleTab::test_save_button_disabled_on_sample_tab_initially
FAILED tests/unit/ui/dialogs/voice_design_studio/test_voice_design_studio_dialog.py::TestSampleTabSaveReady::test_save_button_enabled_when_sample_ready
FAILED tests/unit/ui/dialogs/voice_design_studio/test_voice_design_studio_dialog.py::TestSampleTabSaveReady::test_tab_switch_updates_save_button
FAILED tests/unit/ui/dialogs/voice_design_studio/test_voice_design_studio_dialog.py::TestSampleTabSignals::test_file_loaded_sets_unsaved_work
FAILED tests/unit/ui/dialogs/voice_design_studio/test_voice_design_studio_dialog.py::TestSaveButtonState::test_save_button_disabled_when_save_not_ready
FAILED tests/unit/ui/dialogs/voice_design_studio/test_voice_design_studio_dialog.py::TestSaveButtonState::test_save_button_enabled_when_save_ready
FAILED tests/unit/ui/dialogs/voice_design_studio/test_voice_design_studio_dialog.py::TestSaveButtonState::test_save_button_initially_disabled
FAILED tests/unit/ui/dialogs/voice_design_studio/test_voice_design_studio_dialog.py::TestSaveButtonState::test_tab_switch_disables_save_on_sample_tab
FAILED tests/unit/ui/dialogs/voice_design_studio/test_voice_design_studio_dialog.py::TestSaveButtonState::test_tab_switch_restores_save_state_on_description_tab
FAILED tests/unit/ui/dialogs/voice_design_studio/test_voice_design_studio_dialog.py::TestSessionManagement::test_session_dir_is_unique
FAILED tests/unit/ui/dialogs/voice_design_studio/test_voice_design_studio_dialog.py::TestVoiceDesignStudioAccessibility::test_save_button_has_accessible_name
FAILED tests/unit/ui/dialogs/voice_design_studio/test_voice_design_studio_dialog.py::TestVoiceDesignStudioAccessibility::test_tab_widget_has_accessible_name
FAILED tests/unit/ui/dialogs/voice_design_studio/test_voice_design_studio_dialog.py::TestVoiceDesignStudioButtons::test_save_button_exists
FAILED tests/unit/ui/dialogs/voice_design_studio/test_voice_design_studio_dialog.py::TestVoiceDesignStudioButtons::test_save_button_initially_disabled
FAILED tests/unit/ui/dialogs/voice_design_studio/test_voice_design_studio_dialog.py::TestVoiceDesignStudioTabs::test_has_two_tabs
FAILED tests/unit/ui/dialogs/voice_design_studio/test_voice_design_studio_dialog.py::TestVoiceDesignStudioTabs::test_second_tab_is_from_sample
FAILED tests/utils/test_session_manager.py::TestSessionManagerCreation::test_session_directory_has_uuid_in_name
FAILED tests/utils/test_session_manager.py::TestSessionManagerCreation::test_session_id_property
FAILED tests/utils/test_session_manager.py::TestSessionManagerMultipleSessions::test_cleanup_one_session_preserves_others
FAILED tests/utils/test_session_manager.py::TestSessionManagerMultipleSessions::test_multiple_sessions_have_unique_directories
