============================= test session starts =============================
platform win32 -- Python 3.10.11, pytest-9.0.2, pluggy-1.6.0
PyQt6 6.9.1 -- Qt runtime 6.9.2 -- Qt compiled 6.9.0
rootdir: I:\MyVoiceV2
configfile: pytest.ini
plugins: anyio-4.12.1, asyncio-1.3.0, cov-7.1.0, qt-4.5.0, timeout-2.4.0
asyncio: mode=strict, debug=False, asyncio_default_fixture_loop_scope=None, asyncio_default_test_loop_scope=function
timeout: 60.0s
timeout method: thread
timeout func_only: False
collected 2970 items

tests\integration\test_clear_comms_d5_invariant.py ...                   [  0%]
tests\integration\test_clear_comms_dispatch.py ..................        [  0%]
tests\integration\test_emotion_tts_integration.py ...............        [  1%]
tests\integration\test_emotion_variants_workflow.py ..................   [  1%]
tests\integration\test_optimized_voice_flow.py ...........               [  2%]
tests\integration\test_playback_last_preservation.py .............       [  2%]
tests\integration\test_progressive_playback_dispatch_skip.py ...         [  2%]
tests\integration\test_quick_speak_voice_emotion.py ..............       [  3%]
tests\integration\test_qwen_tts_metrics_migration.py .....               [  3%]
tests\integration\test_save_during_streaming.py ...                      [  3%]
tests\integration\test_session_lifecycle.py ............................ [  4%]
....................                                                     [  5%]
tests\integration\test_streaming_tts_smoke.py ...................        [  5%]
tests\services\api_server\test_audio_encode.py ........                  [  5%]
tests\services\api_server\test_origin_gating.py ..                       [  6%]
tests\services\api_server\test_routes_integration.py ..............      [  6%]
tests\services\api_server\test_schemas.py ..............                 [  7%]
tests\services\api_server\test_security.py ................              [  7%]
tests\services\api_server\test_server_lifecycle.py ..                    [  7%]
tests\services\api_server\test_session_id_threading.py ...               [  7%]
tests\services\api_server\test_stream_hub.py .......                     [  7%]
tests\services\test_device_resilience_manager.py ....................... [  8%]
.                                                                        [  8%]
tests\services\test_model_loading_manager.py .....................       [  9%]
tests\services\test_model_registry_optimization.py ...........           [  9%]
tests\services\test_optimized_voice.py ..............................    [ 10%]
tests\services\test_voice_profile_manager.py .......................     [ 11%]
tests\settings\test_configuration_data_persistence.py .................. [ 12%]
.                                                                        [ 12%]
tests\settings\test_reset_to_defaults.py .................               [ 12%]
tests\settings\test_user_settings_persistence.py ....................... [ 13%]
.....                                                                    [ 13%]
tests\test_qwen_tts_internals.py ..................                      [ 14%]
tests\ui\dialogs\settings\test_clear_comms_settings_panel.py ........... [ 14%]
...............................                                          [ 15%]
tests\ui\test_accessibility.py ............................              [ 16%]
tests\ui\test_clear_comms_button.py .................................... [ 17%]
........                                                                 [ 18%]
tests\ui\test_close_to_tray_toggle.py .......................            [ 18%]
tests\ui\test_compact_always_on_top_window.py .......................... [ 19%]
......                                                                   [ 20%]
tests\ui\test_custom_emotion.py ...................                      [ 20%]
tests\ui\test_emotion_button_group.py .........................          [ 21%]
tests\ui\test_emotion_button_group_variants.py ...............           [ 22%]
tests\ui\test_emotion_keyboard_shortcuts.py ..................           [ 22%]
tests\ui\test_emotion_state_management.py ...................            [ 23%]
tests\ui\test_error_handling.py ................................         [ 24%]
tests\ui\test_generate_gate_during_priming.py ............               [ 24%]
tests\ui\test_model_loading_indicator.py ......................          [ 25%]
tests\ui\test_model_switching_indicator.py ...............               [ 26%]
tests\ui\test_playback_last.py ................                          [ 26%]
tests\ui\test_quick_speak_dialog.py ..............................       [ 27%]
tests\ui\test_quick_speak_menu.py ....................                   [ 28%]
tests\ui\test_save_button.py ........................................... [ 29%]
                                                                         [ 29%]
tests\ui\test_save_dialog.py ........................................... [ 31%]
.......                                                                  [ 31%]
tests\ui\test_settings_dialog_clear_comms_tab.py ..........              [ 31%]
tests\ui\test_settings_dialog_streaming_tab.py .....                     [ 31%]
tests\ui\test_settings_panel_access.py ...................               [ 32%]
tests\ui\test_status_indicators.py ..................................... [ 33%]
............................                                             [ 34%]
tests\ui\test_streaming_mode_settings.py ..................              [ 35%]
tests\ui\test_system_tray_integration.py ..............................  [ 36%]
tests\ui\test_voice_library_selection.py ............................... [ 37%]
...........                                                              [ 37%]
tests\ui\test_voice_library_widget.py ...............................    [ 38%]
tests\ui\test_window_transparency.py .............................       [ 39%]
tests\unit\build_tools\test_rthook_torch.py ..........                   [ 40%]
tests\unit\build_tools\test_stage_cuda_subset.py ..........              [ 40%]
tests\unit\models\test_app_settings_clear_comms.py .........             [ 40%]
tests\unit\models\test_app_settings_tts_compile.py ...........           [ 41%]
tests\unit\models\test_app_settings_tts_precision.py ...........         [ 41%]
tests\unit\models\test_voice_profile_embedding.py ...................... [ 42%]
...                                                                      [ 42%]
tests\unit\models\test_voice_profile_emotion_variants.py ............... [ 42%]
..................                                                       [ 43%]
tests\unit\observability\test_metrics.py ............................... [ 44%]
..............                                                           [ 44%]
tests\unit\observability\test_progressive_playback_csv_capture.py ...... [ 45%]
.........                                                                [ 45%]
tests\unit\services\sessions\test_generation_session.py ................ [ 45%]
........................................................................ [ 48%]
............                                                             [ 48%]
tests\unit\services\sessions\test_playback_queue.py .................... [ 49%]
............                                                             [ 49%]
tests\unit\services\sessions\test_session_registry.py .................. [ 50%]
........................................................................ [ 52%]
........................................................................ [ 55%]
..................                                                       [ 55%]
tests\unit\services\test_audio_coordinator.py .......................... [ 56%]
........                                                                 [ 57%]
tests\unit\services\test_category_service.py .......................     [ 57%]
tests\unit\services\test_compile_priming_audio_suppression.py .......... [ 58%]
..                                                                       [ 58%]
tests\unit\services\test_compile_priming_generate_gate.py .............. [ 58%]
...........                                                              [ 59%]
tests\unit\services\test_compile_priming_resident_model.py ............. [ 59%]
.............                                                            [ 60%]
tests\unit\services\test_consumer_crossfade_scoping.py .............     [ 60%]
tests\unit\services\test_decode_window_geometry_coherence.py .........   [ 60%]
tests\unit\services\test_lookahead_retirement.py .................       [ 61%]
tests\unit\services\test_model_registry.py ....................          [ 61%]
tests\unit\services\test_qwen_tts_metric_migration_static.py .......     [ 62%]
tests\unit\services\test_qwen_tts_service_compile_warmup.py ............ [ 62%]
                                                                         [ 62%]
tests\unit\services\test_qwen_tts_service_dispatch.py .................. [ 63%]
........................                                                 [ 64%]
tests\unit\services\test_qwen_tts_service_session_integration.py ....... [ 64%]
............                                                             [ 64%]
tests\unit\services\test_qwen_tts_service_true_stream_callback.py ...    [ 64%]
tests\unit\services\test_qwen_tts_service_true_stream_instrumentation.py . [ 64%]
...                                                                      [ 64%]
tests\unit\services\test_streaming_chunk_buffer.py ..................... [ 65%]
..........................                                               [ 66%]
tests\unit\services\test_template_service.py ........................... [ 67%]
.............                                                            [ 67%]
tests\unit\services\test_voice_clone_prompt_cache.py ................... [ 68%]
............                                                             [ 68%]
tests\unit\services\test_voice_profile_manager_embedding.py ............ [ 69%]
.                                                                        [ 69%]
tests\unit\services\tts_streaming\test_codec_state_cache.py ............ [ 69%]
...............................                                          [ 70%]
tests\unit\services\tts_streaming\test_codec_token_streamer.py ......... [ 71%]
...............................                                          [ 72%]
tests\unit\services\tts_streaming\test_compile_cache.py ................ [ 72%]
                                                                         [ 72%]
tests\unit\services\tts_streaming\test_streaming_decoder.py ............ [ 73%]
....................................................                     [ 74%]
tests\unit\services\tts_streaming\test_streaming_mode.py ............... [ 75%]
.                                                                        [ 75%]
tests\unit\services\tts_streaming\test_torch_runtime.py ................ [ 75%]
.............................                                            [ 76%]
tests\unit\test_app_compile_warmup_qasync.py ...                         [ 76%]
tests\unit\test_app_compile_warmup_sequencing.py ...........             [ 77%]
tests\unit\test_app_progressive_playback.py .......................      [ 78%]
tests\unit\test_app_progressive_playback_cancel.py ...                   [ 78%]
tests\unit\test_app_progressive_playback_instrumentation.py ......       [ 78%]
tests\unit\test_app_qwen_tts_construction.py ...                         [ 78%]
tests\unit\ui\dialogs\settings\test_clear_comms_settings_panel.py ...... [ 78%]
..............                                                           [ 79%]
tests\unit\ui\dialogs\voice_design_studio\test_add_category_dialog.py .. [ 79%]
..........................                                               [ 80%]
tests\unit\ui\dialogs\voice_design_studio\test_add_template_dialog.py .. [ 80%]
..................................                                       [ 81%]
tests\unit\ui\dialogs\voice_design_studio\test_audio_player_widget.py .. [ 81%]
...................                                                      [ 82%]
tests\unit\ui\dialogs\voice_design_studio\test_description_path_panel.py . [ 82%]
........................................................................ [ 84%]
........................................................................ [ 86%]
.............                                                            [ 87%]
tests\unit\ui\dialogs\voice_design_studio\test_edit_template_dialog.py . [ 87%]
......................................                                   [ 88%]
tests\unit\ui\dialogs\voice_design_studio\test_sample_path_panel.py .... [ 88%]
........................................................................ [ 91%]
.............................................................            [ 93%]
tests\unit\ui\dialogs\voice_design_studio\test_voice_design_studio_dialog.py . [ 93%]
.............................................x........                   [ 95%]
tests\unit\ui\dialogs\voice_design_studio\test_voice_variant_list.py ... [ 95%]
............................                                             [ 96%]
tests\unit\ui\dialogs\voice_design_studio\test_voice_variant_row.py .... [ 96%]
..............................                                           [ 97%]
tests\unit\ui\test_service_status_indicator_preparing_voice.py .....     [ 97%]
tests\unit\utils\test_predownload_models.py ................             [ 98%]
tests\utils\test_hardware_probe.py ............                          [ 98%]
tests\utils\test_portable_paths.py ............                          [ 98%]
tests\utils\test_session_manager.py ..................................   [100%]

=========================== short test summary info ===========================
XFAIL tests/unit/ui/dialogs/voice_design_studio/test_voice_design_studio_dialog.py::TestSampleTabSignals::test_clone_file_loaded_sets_unsaved_work - Defect (tooling-5, for a product story): QA8 moved the clone flow into DescriptionPathPanel but the dialog never connects clone_file_loaded to set_has_unsaved_work. Story 2.1's sample panel flagged unsaved work on file load; the Clone sub-tab does not, so dialog_closing/New Voice see a loaded sample as no work.
================= 2969 passed, 1 xfailed in 80.31s (0:01:20) ==================
